--------------------------------------------------------------------------------
Release 14.7 Trace  (nt)
Copyright (c) 1995-2013 Xilinx, Inc.  All rights reserved.

C:\Xilinx\14.7\ISE_DS\ISE\bin\nt\unwrapped\trce.exe -intstyle ise -v 3 -s 4 -n
3 -fastpaths -xml main_schema.twx main_schema.ncd -o main_schema.twr
main_schema.pcf -ucf PS2_USB_SDC.ucf -ucf GenIO.ucf -ucf ADC_DAC.ucf

Design file:              main_schema.ncd
Physical constraint file: main_schema.pcf
Device,package,speed:     xc3s500e,fg320,-4 (PRODUCTION 1.27 2013-10-13)
Report level:             verbose report

Environment Variable      Effect 
--------------------      ------ 
NONE                      No environment variables were set
--------------------------------------------------------------------------------

INFO:Timing:3412 - To improve timing, see the Timing Closure User Guide (UG612).
INFO:Timing:2752 - To get complete path coverage, use the unconstrained paths 
   option. All paths that are not constrained will be reported in the 
   unconstrained paths section(s) of the report.
INFO:Timing:3339 - The clock-to-out numbers in this timing report are based on 
   a 50 Ohm transmission line loading model.  For the details of this model, 
   and for more information on accounting for different loading conditions, 
   please see the device datasheet.
INFO:Timing:3390 - This architecture does not support a default System Jitter 
   value, please add SYSTEM_JITTER constraint to the UCF to modify the Clock 
   Uncertainty calculation.
INFO:Timing:3389 - This architecture does not support 'Discrete Jitter' and 
   'Phase Error' calculations, these terms will be zero in the Clock 
   Uncertainty calculation.  Please make appropriate modification to 
   SYSTEM_JITTER to account for the unsupported Discrete Jitter and Phase 
   Error.

================================================================================
Timing constraint: NET "CLK_BUFGP/IBUFG" PERIOD = 20 ns HIGH 50%;
For more information, see Period Analysis in the Timing Closure User Guide (UG612).

 72593 paths analyzed, 2922 endpoints analyzed, 0 failing endpoints
 0 timing errors detected. (0 setup errors, 0 hold errors, 0 component switching limit errors)
 Minimum period is  14.092ns.
--------------------------------------------------------------------------------

Paths for end point XLXI_2/XLXI_4/XLXI_94/adrSec_31 (SLICE_X19Y54.G2), 1556 paths
--------------------------------------------------------------------------------
Slack (setup path):     5.908ns (requirement - (data path - clock path skew + uncertainty))
  Source:               XLXI_2/XLXI_4/XLXI_94/State_17 (FF)
  Destination:          XLXI_2/XLXI_4/XLXI_94/adrSec_31 (FF)
  Requirement:          20.000ns
  Data Path Delay:      14.070ns (Levels of Logic = 16)
  Clock Path Skew:      -0.022ns (0.087 - 0.109)
  Source Clock:         CLK_BUFGP rising at 0.000ns
  Destination Clock:    CLK_BUFGP rising at 20.000ns
  Clock Uncertainty:    0.000ns

  Maximum Data Path: XLXI_2/XLXI_4/XLXI_94/State_17 to XLXI_2/XLXI_4/XLXI_94/adrSec_31
    Location             Delay type         Delay(ns)  Physical Resource
                                                       Logical Resource(s)
    -------------------------------------------------  -------------------
    SLICE_X40Y36.YQ      Tcko                  0.652   XLXI_2/XLXI_4/XLXI_94/State<17>
                                                       XLXI_2/XLXI_4/XLXI_94/State_17
    SLICE_X22Y27.G3      net (fanout=79)       2.348   XLXI_2/XLXI_4/XLXI_94/State<17>
    SLICE_X22Y27.Y       Tilo                  0.759   XLXI_2/XLXI_4/XLXI_94/adrSec_mux0005<25>31
                                                       XLXI_2/XLXI_4/XLXI_94/adrSec_or00001
    SLICE_X20Y26.G2      net (fanout=12)       0.491   XLXI_2/XLXI_4/XLXI_94/adrSec_or0000
    SLICE_X20Y26.Y       Tilo                  0.759   XLXI_2/XLXI_4/XLXI_94/adrSec_mux0005<26>16
                                                       XLXI_2/XLXI_4/XLXI_94/adrSec_mux0005<25>25
    SLICE_X22Y38.G4      net (fanout=18)       1.742   XLXI_2/XLXI_4/XLXI_94/N61
    SLICE_X22Y38.Y       Tilo                  0.759   XLXI_2/XLXI_4/XLXI_94/adrSec_mux0005<21>
                                                       XLXI_2/XLXI_4/XLXI_94/adrSec_mux0005<21>34
    SLICE_X22Y38.F4      net (fanout=2)        0.038   XLXI_2/XLXI_4/XLXI_94/adrSec_mux0005<21>34
    SLICE_X22Y38.X       Tilo                  0.759   XLXI_2/XLXI_4/XLXI_94/adrSec_mux0005<21>
                                                       XLXI_2/XLXI_4/XLXI_94/adrSec_mux0005<21>44
    SLICE_X23Y42.BX      net (fanout=1)        1.238   XLXI_2/XLXI_4/XLXI_94/adrSec_mux0005<21>
    SLICE_X23Y42.COUT    Tbxcy                 1.095   XLXI_2/XLXI_4/XLXI_94/adrSec_share0000<10>
                                                       XLXI_2/XLXI_4/XLXI_94/Madd_adrSec_share0000_cy<10>
                                                       XLXI_2/XLXI_4/XLXI_94/Madd_adrSec_share0000_cy<11>
    SLICE_X23Y43.CIN     net (fanout=1)        0.000   XLXI_2/XLXI_4/XLXI_94/Madd_adrSec_share0000_cy<11>
    SLICE_X23Y43.COUT    Tbyp                  0.118   XLXI_2/XLXI_4/XLXI_94/adrSec_share0000<12>
                                                       XLXI_2/XLXI_4/XLXI_94/Madd_adrSec_share0000_cy<12>
                                                       XLXI_2/XLXI_4/XLXI_94/Madd_adrSec_share0000_cy<13>
    SLICE_X23Y44.CIN     net (fanout=1)        0.000   XLXI_2/XLXI_4/XLXI_94/Madd_adrSec_share0000_cy<13>
    SLICE_X23Y44.COUT    Tbyp                  0.118   XLXI_2/XLXI_4/XLXI_94/adrSec_share0000<14>
                                                       XLXI_2/XLXI_4/XLXI_94/Madd_adrSec_share0000_cy<14>
                                                       XLXI_2/XLXI_4/XLXI_94/Madd_adrSec_share0000_cy<15>
    SLICE_X23Y45.CIN     net (fanout=1)        0.000   XLXI_2/XLXI_4/XLXI_94/Madd_adrSec_share0000_cy<15>
    SLICE_X23Y45.COUT    Tbyp                  0.118   XLXI_2/XLXI_4/XLXI_94/adrSec_share0000<16>
                                                       XLXI_2/XLXI_4/XLXI_94/Madd_adrSec_share0000_cy<16>
                                                       XLXI_2/XLXI_4/XLXI_94/Madd_adrSec_share0000_cy<17>
    SLICE_X23Y46.CIN     net (fanout=1)        0.000   XLXI_2/XLXI_4/XLXI_94/Madd_adrSec_share0000_cy<17>
    SLICE_X23Y46.COUT    Tbyp                  0.118   XLXI_2/XLXI_4/XLXI_94/adrSec_share0000<18>
                                                       XLXI_2/XLXI_4/XLXI_94/Madd_adrSec_share0000_cy<18>
                                                       XLXI_2/XLXI_4/XLXI_94/Madd_adrSec_share0000_cy<19>
    SLICE_X23Y47.CIN     net (fanout=1)        0.000   XLXI_2/XLXI_4/XLXI_94/Madd_adrSec_share0000_cy<19>
    SLICE_X23Y47.COUT    Tbyp                  0.118   XLXI_2/XLXI_4/XLXI_94/adrSec_share0000<20>
                                                       XLXI_2/XLXI_4/XLXI_94/Madd_adrSec_share0000_cy<20>
                                                       XLXI_2/XLXI_4/XLXI_94/Madd_adrSec_share0000_cy<21>
    SLICE_X23Y48.CIN     net (fanout=1)        0.000   XLXI_2/XLXI_4/XLXI_94/Madd_adrSec_share0000_cy<21>
    SLICE_X23Y48.COUT    Tbyp                  0.118   XLXI_2/XLXI_4/XLXI_94/adrSec_share0000<22>
                                                       XLXI_2/XLXI_4/XLXI_94/Madd_adrSec_share0000_cy<22>
                                                       XLXI_2/XLXI_4/XLXI_94/Madd_adrSec_share0000_cy<23>
    SLICE_X23Y49.CIN     net (fanout=1)        0.000   XLXI_2/XLXI_4/XLXI_94/Madd_adrSec_share0000_cy<23>
    SLICE_X23Y49.COUT    Tbyp                  0.118   XLXI_2/XLXI_4/XLXI_94/adrSec_share0000<24>
                                                       XLXI_2/XLXI_4/XLXI_94/Madd_adrSec_share0000_cy<24>
                                                       XLXI_2/XLXI_4/XLXI_94/Madd_adrSec_share0000_cy<25>
    SLICE_X23Y50.CIN     net (fanout=1)        0.000   XLXI_2/XLXI_4/XLXI_94/Madd_adrSec_share0000_cy<25>
    SLICE_X23Y50.COUT    Tbyp                  0.118   XLXI_2/XLXI_4/XLXI_94/adrSec_share0000<26>
                                                       XLXI_2/XLXI_4/XLXI_94/Madd_adrSec_share0000_cy<26>
                                                       XLXI_2/XLXI_4/XLXI_94/Madd_adrSec_share0000_cy<27>
    SLICE_X23Y51.CIN     net (fanout=1)        0.000   XLXI_2/XLXI_4/XLXI_94/Madd_adrSec_share0000_cy<27>
    SLICE_X23Y51.COUT    Tbyp                  0.118   XLXI_2/XLXI_4/XLXI_94/adrSec_share0000<28>
                                                       XLXI_2/XLXI_4/XLXI_94/Madd_adrSec_share0000_cy<28>
                                                       XLXI_2/XLXI_4/XLXI_94/Madd_adrSec_share0000_cy<29>
    SLICE_X23Y52.CIN     net (fanout=1)        0.000   XLXI_2/XLXI_4/XLXI_94/Madd_adrSec_share0000_cy<29>
    SLICE_X23Y52.Y       Tciny                 0.869   XLXI_2/XLXI_4/XLXI_94/adrSec_share0000<30>
                                                       XLXI_2/XLXI_4/XLXI_94/Madd_adrSec_share0000_cy<30>
                                                       XLXI_2/XLXI_4/XLXI_94/Madd_adrSec_share0000_xor<31>
    SLICE_X19Y54.G2      net (fanout=1)        0.662   XLXI_2/XLXI_4/XLXI_94/adrSec_share0000<31>
    SLICE_X19Y54.CLK     Tgck                  0.837   XLXI_2/XLXI_4/XLXI_94/adrSec<31>
                                                       XLXI_2/XLXI_4/XLXI_94/adrSec_mux0004<31>23
                                                       XLXI_2/XLXI_4/XLXI_94/adrSec_31
    -------------------------------------------------  ---------------------------
    Total                                     14.070ns (7.551ns logic, 6.519ns route)
                                                       (53.7% logic, 46.3% route)

--------------------------------------------------------------------------------
Slack (setup path):     6.169ns (requirement - (data path - clock path skew + uncertainty))
  Source:               XLXI_2/XLXI_4/XLXI_94/State_21 (FF)
  Destination:          XLXI_2/XLXI_4/XLXI_94/adrSec_31 (FF)
  Requirement:          20.000ns
  Data Path Delay:      13.799ns (Levels of Logic = 16)
  Clock Path Skew:      -0.032ns (0.087 - 0.119)
  Source Clock:         CLK_BUFGP rising at 0.000ns
  Destination Clock:    CLK_BUFGP rising at 20.000ns
  Clock Uncertainty:    0.000ns

  Maximum Data Path: XLXI_2/XLXI_4/XLXI_94/State_21 to XLXI_2/XLXI_4/XLXI_94/adrSec_31
    Location             Delay type         Delay(ns)  Physical Resource
                                                       Logical Resource(s)
    -------------------------------------------------  -------------------
    SLICE_X30Y38.YQ      Tcko                  0.652   XLXI_2/XLXI_4/XLXI_94/State<21>
                                                       XLXI_2/XLXI_4/XLXI_94/State_21
    SLICE_X22Y27.G1      net (fanout=79)       2.077   XLXI_2/XLXI_4/XLXI_94/State<21>
    SLICE_X22Y27.Y       Tilo                  0.759   XLXI_2/XLXI_4/XLXI_94/adrSec_mux0005<25>31
                                                       XLXI_2/XLXI_4/XLXI_94/adrSec_or00001
    SLICE_X20Y26.G2      net (fanout=12)       0.491   XLXI_2/XLXI_4/XLXI_94/adrSec_or0000
    SLICE_X20Y26.Y       Tilo                  0.759   XLXI_2/XLXI_4/XLXI_94/adrSec_mux0005<26>16
                                                       XLXI_2/XLXI_4/XLXI_94/adrSec_mux0005<25>25
    SLICE_X22Y38.G4      net (fanout=18)       1.742   XLXI_2/XLXI_4/XLXI_94/N61
    SLICE_X22Y38.Y       Tilo                  0.759   XLXI_2/XLXI_4/XLXI_94/adrSec_mux0005<21>
                                                       XLXI_2/XLXI_4/XLXI_94/adrSec_mux0005<21>34
    SLICE_X22Y38.F4      net (fanout=2)        0.038   XLXI_2/XLXI_4/XLXI_94/adrSec_mux0005<21>34
    SLICE_X22Y38.X       Tilo                  0.759   XLXI_2/XLXI_4/XLXI_94/adrSec_mux0005<21>
                                                       XLXI_2/XLXI_4/XLXI_94/adrSec_mux0005<21>44
    SLICE_X23Y42.BX      net (fanout=1)        1.238   XLXI_2/XLXI_4/XLXI_94/adrSec_mux0005<21>
    SLICE_X23Y42.COUT    Tbxcy                 1.095   XLXI_2/XLXI_4/XLXI_94/adrSec_share0000<10>
                                                       XLXI_2/XLXI_4/XLXI_94/Madd_adrSec_share0000_cy<10>
                                                       XLXI_2/XLXI_4/XLXI_94/Madd_adrSec_share0000_cy<11>
    SLICE_X23Y43.CIN     net (fanout=1)        0.000   XLXI_2/XLXI_4/XLXI_94/Madd_adrSec_share0000_cy<11>
    SLICE_X23Y43.COUT    Tbyp                  0.118   XLXI_2/XLXI_4/XLXI_94/adrSec_share0000<12>
                                                       XLXI_2/XLXI_4/XLXI_94/Madd_adrSec_share0000_cy<12>
                                                       XLXI_2/XLXI_4/XLXI_94/Madd_adrSec_share0000_cy<13>
    SLICE_X23Y44.CIN     net (fanout=1)        0.000   XLXI_2/XLXI_4/XLXI_94/Madd_adrSec_share0000_cy<13>
    SLICE_X23Y44.COUT    Tbyp                  0.118   XLXI_2/XLXI_4/XLXI_94/adrSec_share0000<14>
                                                       XLXI_2/XLXI_4/XLXI_94/Madd_adrSec_share0000_cy<14>
                                                       XLXI_2/XLXI_4/XLXI_94/Madd_adrSec_share0000_cy<15>
    SLICE_X23Y45.CIN     net (fanout=1)        0.000   XLXI_2/XLXI_4/XLXI_94/Madd_adrSec_share0000_cy<15>
    SLICE_X23Y45.COUT    Tbyp                  0.118   XLXI_2/XLXI_4/XLXI_94/adrSec_share0000<16>
                                                       XLXI_2/XLXI_4/XLXI_94/Madd_adrSec_share0000_cy<16>
                                                       XLXI_2/XLXI_4/XLXI_94/Madd_adrSec_share0000_cy<17>
    SLICE_X23Y46.CIN     net (fanout=1)        0.000   XLXI_2/XLXI_4/XLXI_94/Madd_adrSec_share0000_cy<17>
    SLICE_X23Y46.COUT    Tbyp                  0.118   XLXI_2/XLXI_4/XLXI_94/adrSec_share0000<18>
                                                       XLXI_2/XLXI_4/XLXI_94/Madd_adrSec_share0000_cy<18>
                                                       XLXI_2/XLXI_4/XLXI_94/Madd_adrSec_share0000_cy<19>
    SLICE_X23Y47.CIN     net (fanout=1)        0.000   XLXI_2/XLXI_4/XLXI_94/Madd_adrSec_share0000_cy<19>
    SLICE_X23Y47.COUT    Tbyp                  0.118   XLXI_2/XLXI_4/XLXI_94/adrSec_share0000<20>
                                                       XLXI_2/XLXI_4/XLXI_94/Madd_adrSec_share0000_cy<20>
                                                       XLXI_2/XLXI_4/XLXI_94/Madd_adrSec_share0000_cy<21>
    SLICE_X23Y48.CIN     net (fanout=1)        0.000   XLXI_2/XLXI_4/XLXI_94/Madd_adrSec_share0000_cy<21>
    SLICE_X23Y48.COUT    Tbyp                  0.118   XLXI_2/XLXI_4/XLXI_94/adrSec_share0000<22>
                                                       XLXI_2/XLXI_4/XLXI_94/Madd_adrSec_share0000_cy<22>
                                                       XLXI_2/XLXI_4/XLXI_94/Madd_adrSec_share0000_cy<23>
    SLICE_X23Y49.CIN     net (fanout=1)        0.000   XLXI_2/XLXI_4/XLXI_94/Madd_adrSec_share0000_cy<23>
    SLICE_X23Y49.COUT    Tbyp                  0.118   XLXI_2/XLXI_4/XLXI_94/adrSec_share0000<24>
                                                       XLXI_2/XLXI_4/XLXI_94/Madd_adrSec_share0000_cy<24>
                                                       XLXI_2/XLXI_4/XLXI_94/Madd_adrSec_share0000_cy<25>
    SLICE_X23Y50.CIN     net (fanout=1)        0.000   XLXI_2/XLXI_4/XLXI_94/Madd_adrSec_share0000_cy<25>
    SLICE_X23Y50.COUT    Tbyp                  0.118   XLXI_2/XLXI_4/XLXI_94/adrSec_share0000<26>
                                                       XLXI_2/XLXI_4/XLXI_94/Madd_adrSec_share0000_cy<26>
                                                       XLXI_2/XLXI_4/XLXI_94/Madd_adrSec_share0000_cy<27>
    SLICE_X23Y51.CIN     net (fanout=1)        0.000   XLXI_2/XLXI_4/XLXI_94/Madd_adrSec_share0000_cy<27>
    SLICE_X23Y51.COUT    Tbyp                  0.118   XLXI_2/XLXI_4/XLXI_94/adrSec_share0000<28>
                                                       XLXI_2/XLXI_4/XLXI_94/Madd_adrSec_share0000_cy<28>
                                                       XLXI_2/XLXI_4/XLXI_94/Madd_adrSec_share0000_cy<29>
    SLICE_X23Y52.CIN     net (fanout=1)        0.000   XLXI_2/XLXI_4/XLXI_94/Madd_adrSec_share0000_cy<29>
    SLICE_X23Y52.Y       Tciny                 0.869   XLXI_2/XLXI_4/XLXI_94/adrSec_share0000<30>
                                                       XLXI_2/XLXI_4/XLXI_94/Madd_adrSec_share0000_cy<30>
                                                       XLXI_2/XLXI_4/XLXI_94/Madd_adrSec_share0000_xor<31>
    SLICE_X19Y54.G2      net (fanout=1)        0.662   XLXI_2/XLXI_4/XLXI_94/adrSec_share0000<31>
    SLICE_X19Y54.CLK     Tgck                  0.837   XLXI_2/XLXI_4/XLXI_94/adrSec<31>
                                                       XLXI_2/XLXI_4/XLXI_94/adrSec_mux0004<31>23
                                                       XLXI_2/XLXI_4/XLXI_94/adrSec_31
    -------------------------------------------------  ---------------------------
    Total                                     13.799ns (7.551ns logic, 6.248ns route)
                                                       (54.7% logic, 45.3% route)

--------------------------------------------------------------------------------
Slack (setup path):     6.181ns (requirement - (data path - clock path skew + uncertainty))
  Source:               XLXI_2/XLXI_4/XLXI_94/State_17 (FF)
  Destination:          XLXI_2/XLXI_4/XLXI_94/adrSec_31 (FF)
  Requirement:          20.000ns
  Data Path Delay:      13.797ns (Levels of Logic = 18)
  Clock Path Skew:      -0.022ns (0.087 - 0.109)
  Source Clock:         CLK_BUFGP rising at 0.000ns
  Destination Clock:    CLK_BUFGP rising at 20.000ns
  Clock Uncertainty:    0.000ns

  Maximum Data Path: XLXI_2/XLXI_4/XLXI_94/State_17 to XLXI_2/XLXI_4/XLXI_94/adrSec_31
    Location             Delay type         Delay(ns)  Physical Resource
                                                       Logical Resource(s)
    -------------------------------------------------  -------------------
    SLICE_X40Y36.YQ      Tcko                  0.652   XLXI_2/XLXI_4/XLXI_94/State<17>
                                                       XLXI_2/XLXI_4/XLXI_94/State_17
    SLICE_X22Y41.G1      net (fanout=79)       3.110   XLXI_2/XLXI_4/XLXI_94/State<17>
    SLICE_X22Y41.Y       Tilo                  0.759   XLXI_2/N311
                                                       XLXI_2/XLXI_4/XLXI_94/adrSec_mux0005<11>39
    SLICE_X20Y26.F3      net (fanout=16)       1.698   XLXI_2/XLXI_4/XLXI_94/adrSec_mux0005<11>39
    SLICE_X20Y26.X       Tilo                  0.759   XLXI_2/XLXI_4/XLXI_94/adrSec_mux0005<26>16
                                                       XLXI_2/XLXI_4/XLXI_94/adrSec_mux0005<26>16
    SLICE_X21Y35.F4      net (fanout=2)        0.679   XLXI_2/XLXI_4/XLXI_94/adrSec_mux0005<26>16
    SLICE_X21Y35.X       Tilo                  0.704   XLXI_2/XLXI_4/XLXI_94/nrClus<12>
                                                       XLXI_2/XLXI_4/XLXI_94/adrSec_mux0005<26>22
    SLICE_X23Y39.BY      net (fanout=1)        0.680   XLXI_2/XLXI_4/XLXI_94/adrSec_mux0005<26>
    SLICE_X23Y39.COUT    Tbycy                 0.972   XLXI_2/XLXI_4/XLXI_94/adrSec_share0000<4>
                                                       XLXI_2/XLXI_4/XLXI_94/Madd_adrSec_share0000_cy<5>
    SLICE_X23Y40.CIN     net (fanout=1)        0.000   XLXI_2/XLXI_4/XLXI_94/Madd_adrSec_share0000_cy<5>
    SLICE_X23Y40.COUT    Tbyp                  0.118   XLXI_2/XLXI_4/XLXI_94/adrSec_share0000<6>
                                                       XLXI_2/XLXI_4/XLXI_94/Madd_adrSec_share0000_cy<6>
                                                       XLXI_2/XLXI_4/XLXI_94/Madd_adrSec_share0000_cy<7>
    SLICE_X23Y41.CIN     net (fanout=1)        0.000   XLXI_2/XLXI_4/XLXI_94/Madd_adrSec_share0000_cy<7>
    SLICE_X23Y41.COUT    Tbyp                  0.118   XLXI_2/XLXI_4/XLXI_94/adrSec_share0000<8>
                                                       XLXI_2/XLXI_4/XLXI_94/Madd_adrSec_share0000_cy<8>
                                                       XLXI_2/XLXI_4/XLXI_94/Madd_adrSec_share0000_cy<9>
    SLICE_X23Y42.CIN     net (fanout=1)        0.000   XLXI_2/XLXI_4/XLXI_94/Madd_adrSec_share0000_cy<9>
    SLICE_X23Y42.COUT    Tbyp                  0.118   XLXI_2/XLXI_4/XLXI_94/adrSec_share0000<10>
                                                       XLXI_2/XLXI_4/XLXI_94/Madd_adrSec_share0000_cy<10>
                                                       XLXI_2/XLXI_4/XLXI_94/Madd_adrSec_share0000_cy<11>
    SLICE_X23Y43.CIN     net (fanout=1)        0.000   XLXI_2/XLXI_4/XLXI_94/Madd_adrSec_share0000_cy<11>
    SLICE_X23Y43.COUT    Tbyp                  0.118   XLXI_2/XLXI_4/XLXI_94/adrSec_share0000<12>
                                                       XLXI_2/XLXI_4/XLXI_94/Madd_adrSec_share0000_cy<12>
                                                       XLXI_2/XLXI_4/XLXI_94/Madd_adrSec_share0000_cy<13>
    SLICE_X23Y44.CIN     net (fanout=1)        0.000   XLXI_2/XLXI_4/XLXI_94/Madd_adrSec_share0000_cy<13>
    SLICE_X23Y44.COUT    Tbyp                  0.118   XLXI_2/XLXI_4/XLXI_94/adrSec_share0000<14>
                                                       XLXI_2/XLXI_4/XLXI_94/Madd_adrSec_share0000_cy<14>
                                                       XLXI_2/XLXI_4/XLXI_94/Madd_adrSec_share0000_cy<15>
    SLICE_X23Y45.CIN     net (fanout=1)        0.000   XLXI_2/XLXI_4/XLXI_94/Madd_adrSec_share0000_cy<15>
    SLICE_X23Y45.COUT    Tbyp                  0.118   XLXI_2/XLXI_4/XLXI_94/adrSec_share0000<16>
                                                       XLXI_2/XLXI_4/XLXI_94/Madd_adrSec_share0000_cy<16>
                                                       XLXI_2/XLXI_4/XLXI_94/Madd_adrSec_share0000_cy<17>
    SLICE_X23Y46.CIN     net (fanout=1)        0.000   XLXI_2/XLXI_4/XLXI_94/Madd_adrSec_share0000_cy<17>
    SLICE_X23Y46.COUT    Tbyp                  0.118   XLXI_2/XLXI_4/XLXI_94/adrSec_share0000<18>
                                                       XLXI_2/XLXI_4/XLXI_94/Madd_adrSec_share0000_cy<18>
                                                       XLXI_2/XLXI_4/XLXI_94/Madd_adrSec_share0000_cy<19>
    SLICE_X23Y47.CIN     net (fanout=1)        0.000   XLXI_2/XLXI_4/XLXI_94/Madd_adrSec_share0000_cy<19>
    SLICE_X23Y47.COUT    Tbyp                  0.118   XLXI_2/XLXI_4/XLXI_94/adrSec_share0000<20>
                                                       XLXI_2/XLXI_4/XLXI_94/Madd_adrSec_share0000_cy<20>
                                                       XLXI_2/XLXI_4/XLXI_94/Madd_adrSec_share0000_cy<21>
    SLICE_X23Y48.CIN     net (fanout=1)        0.000   XLXI_2/XLXI_4/XLXI_94/Madd_adrSec_share0000_cy<21>
    SLICE_X23Y48.COUT    Tbyp                  0.118   XLXI_2/XLXI_4/XLXI_94/adrSec_share0000<22>
                                                       XLXI_2/XLXI_4/XLXI_94/Madd_adrSec_share0000_cy<22>
                                                       XLXI_2/XLXI_4/XLXI_94/Madd_adrSec_share0000_cy<23>
    SLICE_X23Y49.CIN     net (fanout=1)        0.000   XLXI_2/XLXI_4/XLXI_94/Madd_adrSec_share0000_cy<23>
    SLICE_X23Y49.COUT    Tbyp                  0.118   XLXI_2/XLXI_4/XLXI_94/adrSec_share0000<24>
                                                       XLXI_2/XLXI_4/XLXI_94/Madd_adrSec_share0000_cy<24>
                                                       XLXI_2/XLXI_4/XLXI_94/Madd_adrSec_share0000_cy<25>
    SLICE_X23Y50.CIN     net (fanout=1)        0.000   XLXI_2/XLXI_4/XLXI_94/Madd_adrSec_share0000_cy<25>
    SLICE_X23Y50.COUT    Tbyp                  0.118   XLXI_2/XLXI_4/XLXI_94/adrSec_share0000<26>
                                                       XLXI_2/XLXI_4/XLXI_94/Madd_adrSec_share0000_cy<26>
                                                       XLXI_2/XLXI_4/XLXI_94/Madd_adrSec_share0000_cy<27>
    SLICE_X23Y51.CIN     net (fanout=1)        0.000   XLXI_2/XLXI_4/XLXI_94/Madd_adrSec_share0000_cy<27>
    SLICE_X23Y51.COUT    Tbyp                  0.118   XLXI_2/XLXI_4/XLXI_94/adrSec_share0000<28>
                                                       XLXI_2/XLXI_4/XLXI_94/Madd_adrSec_share0000_cy<28>
                                                       XLXI_2/XLXI_4/XLXI_94/Madd_adrSec_share0000_cy<29>
    SLICE_X23Y52.CIN     net (fanout=1)        0.000   XLXI_2/XLXI_4/XLXI_94/Madd_adrSec_share0000_cy<29>
    SLICE_X23Y52.Y       Tciny                 0.869   XLXI_2/XLXI_4/XLXI_94/adrSec_share0000<30>
                                                       XLXI_2/XLXI_4/XLXI_94/Madd_adrSec_share0000_cy<30>
                                                       XLXI_2/XLXI_4/XLXI_94/Madd_adrSec_share0000_xor<31>
    SLICE_X19Y54.G2      net (fanout=1)        0.662   XLXI_2/XLXI_4/XLXI_94/adrSec_share0000<31>
    SLICE_X19Y54.CLK     Tgck                  0.837   XLXI_2/XLXI_4/XLXI_94/adrSec<31>
                                                       XLXI_2/XLXI_4/XLXI_94/adrSec_mux0004<31>23
                                                       XLXI_2/XLXI_4/XLXI_94/adrSec_31
    -------------------------------------------------  ---------------------------
    Total                                     13.797ns (6.968ns logic, 6.829ns route)
                                                       (50.5% logic, 49.5% route)

--------------------------------------------------------------------------------

Paths for end point XLXI_2/XLXI_4/XLXI_94/adrSec_21 (SLICE_X23Y56.G4), 1090 paths
--------------------------------------------------------------------------------
Slack (setup path):     5.947ns (requirement - (data path - clock path skew + uncertainty))
  Source:               XLXI_2/XLXI_4/XLXI_94/State_17 (FF)
  Destination:          XLXI_2/XLXI_4/XLXI_94/adrSec_21 (FF)
  Requirement:          20.000ns
  Data Path Delay:      14.038ns (Levels of Logic = 11)
  Clock Path Skew:      -0.015ns (0.094 - 0.109)
  Source Clock:         CLK_BUFGP rising at 0.000ns
  Destination Clock:    CLK_BUFGP rising at 20.000ns
  Clock Uncertainty:    0.000ns

  Maximum Data Path: XLXI_2/XLXI_4/XLXI_94/State_17 to XLXI_2/XLXI_4/XLXI_94/adrSec_21
    Location             Delay type         Delay(ns)  Physical Resource
                                                       Logical Resource(s)
    -------------------------------------------------  -------------------
    SLICE_X40Y36.YQ      Tcko                  0.652   XLXI_2/XLXI_4/XLXI_94/State<17>
                                                       XLXI_2/XLXI_4/XLXI_94/State_17
    SLICE_X22Y27.G3      net (fanout=79)       2.348   XLXI_2/XLXI_4/XLXI_94/State<17>
    SLICE_X22Y27.Y       Tilo                  0.759   XLXI_2/XLXI_4/XLXI_94/adrSec_mux0005<25>31
                                                       XLXI_2/XLXI_4/XLXI_94/adrSec_or00001
    SLICE_X20Y26.G2      net (fanout=12)       0.491   XLXI_2/XLXI_4/XLXI_94/adrSec_or0000
    SLICE_X20Y26.Y       Tilo                  0.759   XLXI_2/XLXI_4/XLXI_94/adrSec_mux0005<26>16
                                                       XLXI_2/XLXI_4/XLXI_94/adrSec_mux0005<25>25
    SLICE_X22Y38.G4      net (fanout=18)       1.742   XLXI_2/XLXI_4/XLXI_94/N61
    SLICE_X22Y38.Y       Tilo                  0.759   XLXI_2/XLXI_4/XLXI_94/adrSec_mux0005<21>
                                                       XLXI_2/XLXI_4/XLXI_94/adrSec_mux0005<21>34
    SLICE_X22Y38.F4      net (fanout=2)        0.038   XLXI_2/XLXI_4/XLXI_94/adrSec_mux0005<21>34
    SLICE_X22Y38.X       Tilo                  0.759   XLXI_2/XLXI_4/XLXI_94/adrSec_mux0005<21>
                                                       XLXI_2/XLXI_4/XLXI_94/adrSec_mux0005<21>44
    SLICE_X23Y42.BX      net (fanout=1)        1.238   XLXI_2/XLXI_4/XLXI_94/adrSec_mux0005<21>
    SLICE_X23Y42.COUT    Tbxcy                 1.095   XLXI_2/XLXI_4/XLXI_94/adrSec_share0000<10>
                                                       XLXI_2/XLXI_4/XLXI_94/Madd_adrSec_share0000_cy<10>
                                                       XLXI_2/XLXI_4/XLXI_94/Madd_adrSec_share0000_cy<11>
    SLICE_X23Y43.CIN     net (fanout=1)        0.000   XLXI_2/XLXI_4/XLXI_94/Madd_adrSec_share0000_cy<11>
    SLICE_X23Y43.COUT    Tbyp                  0.118   XLXI_2/XLXI_4/XLXI_94/adrSec_share0000<12>
                                                       XLXI_2/XLXI_4/XLXI_94/Madd_adrSec_share0000_cy<12>
                                                       XLXI_2/XLXI_4/XLXI_94/Madd_adrSec_share0000_cy<13>
    SLICE_X23Y44.CIN     net (fanout=1)        0.000   XLXI_2/XLXI_4/XLXI_94/Madd_adrSec_share0000_cy<13>
    SLICE_X23Y44.COUT    Tbyp                  0.118   XLXI_2/XLXI_4/XLXI_94/adrSec_share0000<14>
                                                       XLXI_2/XLXI_4/XLXI_94/Madd_adrSec_share0000_cy<14>
                                                       XLXI_2/XLXI_4/XLXI_94/Madd_adrSec_share0000_cy<15>
    SLICE_X23Y45.CIN     net (fanout=1)        0.000   XLXI_2/XLXI_4/XLXI_94/Madd_adrSec_share0000_cy<15>
    SLICE_X23Y45.COUT    Tbyp                  0.118   XLXI_2/XLXI_4/XLXI_94/adrSec_share0000<16>
                                                       XLXI_2/XLXI_4/XLXI_94/Madd_adrSec_share0000_cy<16>
                                                       XLXI_2/XLXI_4/XLXI_94/Madd_adrSec_share0000_cy<17>
    SLICE_X23Y46.CIN     net (fanout=1)        0.000   XLXI_2/XLXI_4/XLXI_94/Madd_adrSec_share0000_cy<17>
    SLICE_X23Y46.COUT    Tbyp                  0.118   XLXI_2/XLXI_4/XLXI_94/adrSec_share0000<18>
                                                       XLXI_2/XLXI_4/XLXI_94/Madd_adrSec_share0000_cy<18>
                                                       XLXI_2/XLXI_4/XLXI_94/Madd_adrSec_share0000_cy<19>
    SLICE_X23Y47.CIN     net (fanout=1)        0.000   XLXI_2/XLXI_4/XLXI_94/Madd_adrSec_share0000_cy<19>
    SLICE_X23Y47.Y       Tciny                 0.869   XLXI_2/XLXI_4/XLXI_94/adrSec_share0000<20>
                                                       XLXI_2/XLXI_4/XLXI_94/Madd_adrSec_share0000_cy<20>
                                                       XLXI_2/XLXI_4/XLXI_94/Madd_adrSec_share0000_xor<21>
    SLICE_X23Y56.G4      net (fanout=1)        1.220   XLXI_2/XLXI_4/XLXI_94/adrSec_share0000<21>
    SLICE_X23Y56.CLK     Tgck                  0.837   XLXI_2/XLXI_4/XLXI_94/adrSec<21>
                                                       XLXI_2/XLXI_4/XLXI_94/adrSec_mux0004<21>23
                                                       XLXI_2/XLXI_4/XLXI_94/adrSec_21
    -------------------------------------------------  ---------------------------
    Total                                     14.038ns (6.961ns logic, 7.077ns route)
                                                       (49.6% logic, 50.4% route)

--------------------------------------------------------------------------------
Slack (setup path):     6.208ns (requirement - (data path - clock path skew + uncertainty))
  Source:               XLXI_2/XLXI_4/XLXI_94/State_21 (FF)
  Destination:          XLXI_2/XLXI_4/XLXI_94/adrSec_21 (FF)
  Requirement:          20.000ns
  Data Path Delay:      13.767ns (Levels of Logic = 11)
  Clock Path Skew:      -0.025ns (0.094 - 0.119)
  Source Clock:         CLK_BUFGP rising at 0.000ns
  Destination Clock:    CLK_BUFGP rising at 20.000ns
  Clock Uncertainty:    0.000ns

  Maximum Data Path: XLXI_2/XLXI_4/XLXI_94/State_21 to XLXI_2/XLXI_4/XLXI_94/adrSec_21
    Location             Delay type         Delay(ns)  Physical Resource
                                                       Logical Resource(s)
    -------------------------------------------------  -------------------
    SLICE_X30Y38.YQ      Tcko                  0.652   XLXI_2/XLXI_4/XLXI_94/State<21>
                                                       XLXI_2/XLXI_4/XLXI_94/State_21
    SLICE_X22Y27.G1      net (fanout=79)       2.077   XLXI_2/XLXI_4/XLXI_94/State<21>
    SLICE_X22Y27.Y       Tilo                  0.759   XLXI_2/XLXI_4/XLXI_94/adrSec_mux0005<25>31
                                                       XLXI_2/XLXI_4/XLXI_94/adrSec_or00001
    SLICE_X20Y26.G2      net (fanout=12)       0.491   XLXI_2/XLXI_4/XLXI_94/adrSec_or0000
    SLICE_X20Y26.Y       Tilo                  0.759   XLXI_2/XLXI_4/XLXI_94/adrSec_mux0005<26>16
                                                       XLXI_2/XLXI_4/XLXI_94/adrSec_mux0005<25>25
    SLICE_X22Y38.G4      net (fanout=18)       1.742   XLXI_2/XLXI_4/XLXI_94/N61
    SLICE_X22Y38.Y       Tilo                  0.759   XLXI_2/XLXI_4/XLXI_94/adrSec_mux0005<21>
                                                       XLXI_2/XLXI_4/XLXI_94/adrSec_mux0005<21>34
    SLICE_X22Y38.F4      net (fanout=2)        0.038   XLXI_2/XLXI_4/XLXI_94/adrSec_mux0005<21>34
    SLICE_X22Y38.X       Tilo                  0.759   XLXI_2/XLXI_4/XLXI_94/adrSec_mux0005<21>
                                                       XLXI_2/XLXI_4/XLXI_94/adrSec_mux0005<21>44
    SLICE_X23Y42.BX      net (fanout=1)        1.238   XLXI_2/XLXI_4/XLXI_94/adrSec_mux0005<21>
    SLICE_X23Y42.COUT    Tbxcy                 1.095   XLXI_2/XLXI_4/XLXI_94/adrSec_share0000<10>
                                                       XLXI_2/XLXI_4/XLXI_94/Madd_adrSec_share0000_cy<10>
                                                       XLXI_2/XLXI_4/XLXI_94/Madd_adrSec_share0000_cy<11>
    SLICE_X23Y43.CIN     net (fanout=1)        0.000   XLXI_2/XLXI_4/XLXI_94/Madd_adrSec_share0000_cy<11>
    SLICE_X23Y43.COUT    Tbyp                  0.118   XLXI_2/XLXI_4/XLXI_94/adrSec_share0000<12>
                                                       XLXI_2/XLXI_4/XLXI_94/Madd_adrSec_share0000_cy<12>
                                                       XLXI_2/XLXI_4/XLXI_94/Madd_adrSec_share0000_cy<13>
    SLICE_X23Y44.CIN     net (fanout=1)        0.000   XLXI_2/XLXI_4/XLXI_94/Madd_adrSec_share0000_cy<13>
    SLICE_X23Y44.COUT    Tbyp                  0.118   XLXI_2/XLXI_4/XLXI_94/adrSec_share0000<14>
                                                       XLXI_2/XLXI_4/XLXI_94/Madd_adrSec_share0000_cy<14>
                                                       XLXI_2/XLXI_4/XLXI_94/Madd_adrSec_share0000_cy<15>
    SLICE_X23Y45.CIN     net (fanout=1)        0.000   XLXI_2/XLXI_4/XLXI_94/Madd_adrSec_share0000_cy<15>
    SLICE_X23Y45.COUT    Tbyp                  0.118   XLXI_2/XLXI_4/XLXI_94/adrSec_share0000<16>
                                                       XLXI_2/XLXI_4/XLXI_94/Madd_adrSec_share0000_cy<16>
                                                       XLXI_2/XLXI_4/XLXI_94/Madd_adrSec_share0000_cy<17>
    SLICE_X23Y46.CIN     net (fanout=1)        0.000   XLXI_2/XLXI_4/XLXI_94/Madd_adrSec_share0000_cy<17>
    SLICE_X23Y46.COUT    Tbyp                  0.118   XLXI_2/XLXI_4/XLXI_94/adrSec_share0000<18>
                                                       XLXI_2/XLXI_4/XLXI_94/Madd_adrSec_share0000_cy<18>
                                                       XLXI_2/XLXI_4/XLXI_94/Madd_adrSec_share0000_cy<19>
    SLICE_X23Y47.CIN     net (fanout=1)        0.000   XLXI_2/XLXI_4/XLXI_94/Madd_adrSec_share0000_cy<19>
    SLICE_X23Y47.Y       Tciny                 0.869   XLXI_2/XLXI_4/XLXI_94/adrSec_share0000<20>
                                                       XLXI_2/XLXI_4/XLXI_94/Madd_adrSec_share0000_cy<20>
                                                       XLXI_2/XLXI_4/XLXI_94/Madd_adrSec_share0000_xor<21>
    SLICE_X23Y56.G4      net (fanout=1)        1.220   XLXI_2/XLXI_4/XLXI_94/adrSec_share0000<21>
    SLICE_X23Y56.CLK     Tgck                  0.837   XLXI_2/XLXI_4/XLXI_94/adrSec<21>
                                                       XLXI_2/XLXI_4/XLXI_94/adrSec_mux0004<21>23
                                                       XLXI_2/XLXI_4/XLXI_94/adrSec_21
    -------------------------------------------------  ---------------------------
    Total                                     13.767ns (6.961ns logic, 6.806ns route)
                                                       (50.6% logic, 49.4% route)

--------------------------------------------------------------------------------
Slack (setup path):     6.220ns (requirement - (data path - clock path skew + uncertainty))
  Source:               XLXI_2/XLXI_4/XLXI_94/State_17 (FF)
  Destination:          XLXI_2/XLXI_4/XLXI_94/adrSec_21 (FF)
  Requirement:          20.000ns
  Data Path Delay:      13.765ns (Levels of Logic = 13)
  Clock Path Skew:      -0.015ns (0.094 - 0.109)
  Source Clock:         CLK_BUFGP rising at 0.000ns
  Destination Clock:    CLK_BUFGP rising at 20.000ns
  Clock Uncertainty:    0.000ns

  Maximum Data Path: XLXI_2/XLXI_4/XLXI_94/State_17 to XLXI_2/XLXI_4/XLXI_94/adrSec_21
    Location             Delay type         Delay(ns)  Physical Resource
                                                       Logical Resource(s)
    -------------------------------------------------  -------------------
    SLICE_X40Y36.YQ      Tcko                  0.652   XLXI_2/XLXI_4/XLXI_94/State<17>
                                                       XLXI_2/XLXI_4/XLXI_94/State_17
    SLICE_X22Y41.G1      net (fanout=79)       3.110   XLXI_2/XLXI_4/XLXI_94/State<17>
    SLICE_X22Y41.Y       Tilo                  0.759   XLXI_2/N311
                                                       XLXI_2/XLXI_4/XLXI_94/adrSec_mux0005<11>39
    SLICE_X20Y26.F3      net (fanout=16)       1.698   XLXI_2/XLXI_4/XLXI_94/adrSec_mux0005<11>39
    SLICE_X20Y26.X       Tilo                  0.759   XLXI_2/XLXI_4/XLXI_94/adrSec_mux0005<26>16
                                                       XLXI_2/XLXI_4/XLXI_94/adrSec_mux0005<26>16
    SLICE_X21Y35.F4      net (fanout=2)        0.679   XLXI_2/XLXI_4/XLXI_94/adrSec_mux0005<26>16
    SLICE_X21Y35.X       Tilo                  0.704   XLXI_2/XLXI_4/XLXI_94/nrClus<12>
                                                       XLXI_2/XLXI_4/XLXI_94/adrSec_mux0005<26>22
    SLICE_X23Y39.BY      net (fanout=1)        0.680   XLXI_2/XLXI_4/XLXI_94/adrSec_mux0005<26>
    SLICE_X23Y39.COUT    Tbycy                 0.972   XLXI_2/XLXI_4/XLXI_94/adrSec_share0000<4>
                                                       XLXI_2/XLXI_4/XLXI_94/Madd_adrSec_share0000_cy<5>
    SLICE_X23Y40.CIN     net (fanout=1)        0.000   XLXI_2/XLXI_4/XLXI_94/Madd_adrSec_share0000_cy<5>
    SLICE_X23Y40.COUT    Tbyp                  0.118   XLXI_2/XLXI_4/XLXI_94/adrSec_share0000<6>
                                                       XLXI_2/XLXI_4/XLXI_94/Madd_adrSec_share0000_cy<6>
                                                       XLXI_2/XLXI_4/XLXI_94/Madd_adrSec_share0000_cy<7>
    SLICE_X23Y41.CIN     net (fanout=1)        0.000   XLXI_2/XLXI_4/XLXI_94/Madd_adrSec_share0000_cy<7>
    SLICE_X23Y41.COUT    Tbyp                  0.118   XLXI_2/XLXI_4/XLXI_94/adrSec_share0000<8>
                                                       XLXI_2/XLXI_4/XLXI_94/Madd_adrSec_share0000_cy<8>
                                                       XLXI_2/XLXI_4/XLXI_94/Madd_adrSec_share0000_cy<9>
    SLICE_X23Y42.CIN     net (fanout=1)        0.000   XLXI_2/XLXI_4/XLXI_94/Madd_adrSec_share0000_cy<9>
    SLICE_X23Y42.COUT    Tbyp                  0.118   XLXI_2/XLXI_4/XLXI_94/adrSec_share0000<10>
                                                       XLXI_2/XLXI_4/XLXI_94/Madd_adrSec_share0000_cy<10>
                                                       XLXI_2/XLXI_4/XLXI_94/Madd_adrSec_share0000_cy<11>
    SLICE_X23Y43.CIN     net (fanout=1)        0.000   XLXI_2/XLXI_4/XLXI_94/Madd_adrSec_share0000_cy<11>
    SLICE_X23Y43.COUT    Tbyp                  0.118   XLXI_2/XLXI_4/XLXI_94/adrSec_share0000<12>
                                                       XLXI_2/XLXI_4/XLXI_94/Madd_adrSec_share0000_cy<12>
                                                       XLXI_2/XLXI_4/XLXI_94/Madd_adrSec_share0000_cy<13>
    SLICE_X23Y44.CIN     net (fanout=1)        0.000   XLXI_2/XLXI_4/XLXI_94/Madd_adrSec_share0000_cy<13>
    SLICE_X23Y44.COUT    Tbyp                  0.118   XLXI_2/XLXI_4/XLXI_94/adrSec_share0000<14>
                                                       XLXI_2/XLXI_4/XLXI_94/Madd_adrSec_share0000_cy<14>
                                                       XLXI_2/XLXI_4/XLXI_94/Madd_adrSec_share0000_cy<15>
    SLICE_X23Y45.CIN     net (fanout=1)        0.000   XLXI_2/XLXI_4/XLXI_94/Madd_adrSec_share0000_cy<15>
    SLICE_X23Y45.COUT    Tbyp                  0.118   XLXI_2/XLXI_4/XLXI_94/adrSec_share0000<16>
                                                       XLXI_2/XLXI_4/XLXI_94/Madd_adrSec_share0000_cy<16>
                                                       XLXI_2/XLXI_4/XLXI_94/Madd_adrSec_share0000_cy<17>
    SLICE_X23Y46.CIN     net (fanout=1)        0.000   XLXI_2/XLXI_4/XLXI_94/Madd_adrSec_share0000_cy<17>
    SLICE_X23Y46.COUT    Tbyp                  0.118   XLXI_2/XLXI_4/XLXI_94/adrSec_share0000<18>
                                                       XLXI_2/XLXI_4/XLXI_94/Madd_adrSec_share0000_cy<18>
                                                       XLXI_2/XLXI_4/XLXI_94/Madd_adrSec_share0000_cy<19>
    SLICE_X23Y47.CIN     net (fanout=1)        0.000   XLXI_2/XLXI_4/XLXI_94/Madd_adrSec_share0000_cy<19>
    SLICE_X23Y47.Y       Tciny                 0.869   XLXI_2/XLXI_4/XLXI_94/adrSec_share0000<20>
                                                       XLXI_2/XLXI_4/XLXI_94/Madd_adrSec_share0000_cy<20>
                                                       XLXI_2/XLXI_4/XLXI_94/Madd_adrSec_share0000_xor<21>
    SLICE_X23Y56.G4      net (fanout=1)        1.220   XLXI_2/XLXI_4/XLXI_94/adrSec_share0000<21>
    SLICE_X23Y56.CLK     Tgck                  0.837   XLXI_2/XLXI_4/XLXI_94/adrSec<21>
                                                       XLXI_2/XLXI_4/XLXI_94/adrSec_mux0004<21>23
                                                       XLXI_2/XLXI_4/XLXI_94/adrSec_21
    -------------------------------------------------  ---------------------------
    Total                                     13.765ns (6.378ns logic, 7.387ns route)
                                                       (46.3% logic, 53.7% route)

--------------------------------------------------------------------------------

Paths for end point XLXI_2/XLXI_4/XLXI_94/adrSec_30 (SLICE_X20Y49.G2), 1511 paths
--------------------------------------------------------------------------------
Slack (setup path):     5.981ns (requirement - (data path - clock path skew + uncertainty))
  Source:               XLXI_2/XLXI_4/XLXI_94/State_17 (FF)
  Destination:          XLXI_2/XLXI_4/XLXI_94/adrSec_30 (FF)
  Requirement:          20.000ns
  Data Path Delay:      14.008ns (Levels of Logic = 16)
  Clock Path Skew:      -0.011ns (0.098 - 0.109)
  Source Clock:         CLK_BUFGP rising at 0.000ns
  Destination Clock:    CLK_BUFGP rising at 20.000ns
  Clock Uncertainty:    0.000ns

  Maximum Data Path: XLXI_2/XLXI_4/XLXI_94/State_17 to XLXI_2/XLXI_4/XLXI_94/adrSec_30
    Location             Delay type         Delay(ns)  Physical Resource
                                                       Logical Resource(s)
    -------------------------------------------------  -------------------
    SLICE_X40Y36.YQ      Tcko                  0.652   XLXI_2/XLXI_4/XLXI_94/State<17>
                                                       XLXI_2/XLXI_4/XLXI_94/State_17
    SLICE_X22Y27.G3      net (fanout=79)       2.348   XLXI_2/XLXI_4/XLXI_94/State<17>
    SLICE_X22Y27.Y       Tilo                  0.759   XLXI_2/XLXI_4/XLXI_94/adrSec_mux0005<25>31
                                                       XLXI_2/XLXI_4/XLXI_94/adrSec_or00001
    SLICE_X20Y26.G2      net (fanout=12)       0.491   XLXI_2/XLXI_4/XLXI_94/adrSec_or0000
    SLICE_X20Y26.Y       Tilo                  0.759   XLXI_2/XLXI_4/XLXI_94/adrSec_mux0005<26>16
                                                       XLXI_2/XLXI_4/XLXI_94/adrSec_mux0005<25>25
    SLICE_X22Y38.G4      net (fanout=18)       1.742   XLXI_2/XLXI_4/XLXI_94/N61
    SLICE_X22Y38.Y       Tilo                  0.759   XLXI_2/XLXI_4/XLXI_94/adrSec_mux0005<21>
                                                       XLXI_2/XLXI_4/XLXI_94/adrSec_mux0005<21>34
    SLICE_X22Y38.F4      net (fanout=2)        0.038   XLXI_2/XLXI_4/XLXI_94/adrSec_mux0005<21>34
    SLICE_X22Y38.X       Tilo                  0.759   XLXI_2/XLXI_4/XLXI_94/adrSec_mux0005<21>
                                                       XLXI_2/XLXI_4/XLXI_94/adrSec_mux0005<21>44
    SLICE_X23Y42.BX      net (fanout=1)        1.238   XLXI_2/XLXI_4/XLXI_94/adrSec_mux0005<21>
    SLICE_X23Y42.COUT    Tbxcy                 1.095   XLXI_2/XLXI_4/XLXI_94/adrSec_share0000<10>
                                                       XLXI_2/XLXI_4/XLXI_94/Madd_adrSec_share0000_cy<10>
                                                       XLXI_2/XLXI_4/XLXI_94/Madd_adrSec_share0000_cy<11>
    SLICE_X23Y43.CIN     net (fanout=1)        0.000   XLXI_2/XLXI_4/XLXI_94/Madd_adrSec_share0000_cy<11>
    SLICE_X23Y43.COUT    Tbyp                  0.118   XLXI_2/XLXI_4/XLXI_94/adrSec_share0000<12>
                                                       XLXI_2/XLXI_4/XLXI_94/Madd_adrSec_share0000_cy<12>
                                                       XLXI_2/XLXI_4/XLXI_94/Madd_adrSec_share0000_cy<13>
    SLICE_X23Y44.CIN     net (fanout=1)        0.000   XLXI_2/XLXI_4/XLXI_94/Madd_adrSec_share0000_cy<13>
    SLICE_X23Y44.COUT    Tbyp                  0.118   XLXI_2/XLXI_4/XLXI_94/adrSec_share0000<14>
                                                       XLXI_2/XLXI_4/XLXI_94/Madd_adrSec_share0000_cy<14>
                                                       XLXI_2/XLXI_4/XLXI_94/Madd_adrSec_share0000_cy<15>
    SLICE_X23Y45.CIN     net (fanout=1)        0.000   XLXI_2/XLXI_4/XLXI_94/Madd_adrSec_share0000_cy<15>
    SLICE_X23Y45.COUT    Tbyp                  0.118   XLXI_2/XLXI_4/XLXI_94/adrSec_share0000<16>
                                                       XLXI_2/XLXI_4/XLXI_94/Madd_adrSec_share0000_cy<16>
                                                       XLXI_2/XLXI_4/XLXI_94/Madd_adrSec_share0000_cy<17>
    SLICE_X23Y46.CIN     net (fanout=1)        0.000   XLXI_2/XLXI_4/XLXI_94/Madd_adrSec_share0000_cy<17>
    SLICE_X23Y46.COUT    Tbyp                  0.118   XLXI_2/XLXI_4/XLXI_94/adrSec_share0000<18>
                                                       XLXI_2/XLXI_4/XLXI_94/Madd_adrSec_share0000_cy<18>
                                                       XLXI_2/XLXI_4/XLXI_94/Madd_adrSec_share0000_cy<19>
    SLICE_X23Y47.CIN     net (fanout=1)        0.000   XLXI_2/XLXI_4/XLXI_94/Madd_adrSec_share0000_cy<19>
    SLICE_X23Y47.COUT    Tbyp                  0.118   XLXI_2/XLXI_4/XLXI_94/adrSec_share0000<20>
                                                       XLXI_2/XLXI_4/XLXI_94/Madd_adrSec_share0000_cy<20>
                                                       XLXI_2/XLXI_4/XLXI_94/Madd_adrSec_share0000_cy<21>
    SLICE_X23Y48.CIN     net (fanout=1)        0.000   XLXI_2/XLXI_4/XLXI_94/Madd_adrSec_share0000_cy<21>
    SLICE_X23Y48.COUT    Tbyp                  0.118   XLXI_2/XLXI_4/XLXI_94/adrSec_share0000<22>
                                                       XLXI_2/XLXI_4/XLXI_94/Madd_adrSec_share0000_cy<22>
                                                       XLXI_2/XLXI_4/XLXI_94/Madd_adrSec_share0000_cy<23>
    SLICE_X23Y49.CIN     net (fanout=1)        0.000   XLXI_2/XLXI_4/XLXI_94/Madd_adrSec_share0000_cy<23>
    SLICE_X23Y49.COUT    Tbyp                  0.118   XLXI_2/XLXI_4/XLXI_94/adrSec_share0000<24>
                                                       XLXI_2/XLXI_4/XLXI_94/Madd_adrSec_share0000_cy<24>
                                                       XLXI_2/XLXI_4/XLXI_94/Madd_adrSec_share0000_cy<25>
    SLICE_X23Y50.CIN     net (fanout=1)        0.000   XLXI_2/XLXI_4/XLXI_94/Madd_adrSec_share0000_cy<25>
    SLICE_X23Y50.COUT    Tbyp                  0.118   XLXI_2/XLXI_4/XLXI_94/adrSec_share0000<26>
                                                       XLXI_2/XLXI_4/XLXI_94/Madd_adrSec_share0000_cy<26>
                                                       XLXI_2/XLXI_4/XLXI_94/Madd_adrSec_share0000_cy<27>
    SLICE_X23Y51.CIN     net (fanout=1)        0.000   XLXI_2/XLXI_4/XLXI_94/Madd_adrSec_share0000_cy<27>
    SLICE_X23Y51.COUT    Tbyp                  0.118   XLXI_2/XLXI_4/XLXI_94/adrSec_share0000<28>
                                                       XLXI_2/XLXI_4/XLXI_94/Madd_adrSec_share0000_cy<28>
                                                       XLXI_2/XLXI_4/XLXI_94/Madd_adrSec_share0000_cy<29>
    SLICE_X23Y52.CIN     net (fanout=1)        0.000   XLXI_2/XLXI_4/XLXI_94/Madd_adrSec_share0000_cy<29>
    SLICE_X23Y52.X       Tcinx                 0.462   XLXI_2/XLXI_4/XLXI_94/adrSec_share0000<30>
                                                       XLXI_2/XLXI_4/XLXI_94/Madd_adrSec_share0000_xor<30>
    SLICE_X20Y49.G2      net (fanout=1)        0.952   XLXI_2/XLXI_4/XLXI_94/adrSec_share0000<30>
    SLICE_X20Y49.CLK     Tgck                  0.892   XLXI_2/XLXI_4/XLXI_94/adrSec<30>
                                                       XLXI_2/XLXI_4/XLXI_94/adrSec_mux0004<30>23
                                                       XLXI_2/XLXI_4/XLXI_94/adrSec_30
    -------------------------------------------------  ---------------------------
    Total                                     14.008ns (7.199ns logic, 6.809ns route)
                                                       (51.4% logic, 48.6% route)

--------------------------------------------------------------------------------
Slack (setup path):     6.242ns (requirement - (data path - clock path skew + uncertainty))
  Source:               XLXI_2/XLXI_4/XLXI_94/State_21 (FF)
  Destination:          XLXI_2/XLXI_4/XLXI_94/adrSec_30 (FF)
  Requirement:          20.000ns
  Data Path Delay:      13.737ns (Levels of Logic = 16)
  Clock Path Skew:      -0.021ns (0.098 - 0.119)
  Source Clock:         CLK_BUFGP rising at 0.000ns
  Destination Clock:    CLK_BUFGP rising at 20.000ns
  Clock Uncertainty:    0.000ns

  Maximum Data Path: XLXI_2/XLXI_4/XLXI_94/State_21 to XLXI_2/XLXI_4/XLXI_94/adrSec_30
    Location             Delay type         Delay(ns)  Physical Resource
                                                       Logical Resource(s)
    -------------------------------------------------  -------------------
    SLICE_X30Y38.YQ      Tcko                  0.652   XLXI_2/XLXI_4/XLXI_94/State<21>
                                                       XLXI_2/XLXI_4/XLXI_94/State_21
    SLICE_X22Y27.G1      net (fanout=79)       2.077   XLXI_2/XLXI_4/XLXI_94/State<21>
    SLICE_X22Y27.Y       Tilo                  0.759   XLXI_2/XLXI_4/XLXI_94/adrSec_mux0005<25>31
                                                       XLXI_2/XLXI_4/XLXI_94/adrSec_or00001
    SLICE_X20Y26.G2      net (fanout=12)       0.491   XLXI_2/XLXI_4/XLXI_94/adrSec_or0000
    SLICE_X20Y26.Y       Tilo                  0.759   XLXI_2/XLXI_4/XLXI_94/adrSec_mux0005<26>16
                                                       XLXI_2/XLXI_4/XLXI_94/adrSec_mux0005<25>25
    SLICE_X22Y38.G4      net (fanout=18)       1.742   XLXI_2/XLXI_4/XLXI_94/N61
    SLICE_X22Y38.Y       Tilo                  0.759   XLXI_2/XLXI_4/XLXI_94/adrSec_mux0005<21>
                                                       XLXI_2/XLXI_4/XLXI_94/adrSec_mux0005<21>34
    SLICE_X22Y38.F4      net (fanout=2)        0.038   XLXI_2/XLXI_4/XLXI_94/adrSec_mux0005<21>34
    SLICE_X22Y38.X       Tilo                  0.759   XLXI_2/XLXI_4/XLXI_94/adrSec_mux0005<21>
                                                       XLXI_2/XLXI_4/XLXI_94/adrSec_mux0005<21>44
    SLICE_X23Y42.BX      net (fanout=1)        1.238   XLXI_2/XLXI_4/XLXI_94/adrSec_mux0005<21>
    SLICE_X23Y42.COUT    Tbxcy                 1.095   XLXI_2/XLXI_4/XLXI_94/adrSec_share0000<10>
                                                       XLXI_2/XLXI_4/XLXI_94/Madd_adrSec_share0000_cy<10>
                                                       XLXI_2/XLXI_4/XLXI_94/Madd_adrSec_share0000_cy<11>
    SLICE_X23Y43.CIN     net (fanout=1)        0.000   XLXI_2/XLXI_4/XLXI_94/Madd_adrSec_share0000_cy<11>
    SLICE_X23Y43.COUT    Tbyp                  0.118   XLXI_2/XLXI_4/XLXI_94/adrSec_share0000<12>
                                                       XLXI_2/XLXI_4/XLXI_94/Madd_adrSec_share0000_cy<12>
                                                       XLXI_2/XLXI_4/XLXI_94/Madd_adrSec_share0000_cy<13>
    SLICE_X23Y44.CIN     net (fanout=1)        0.000   XLXI_2/XLXI_4/XLXI_94/Madd_adrSec_share0000_cy<13>
    SLICE_X23Y44.COUT    Tbyp                  0.118   XLXI_2/XLXI_4/XLXI_94/adrSec_share0000<14>
                                                       XLXI_2/XLXI_4/XLXI_94/Madd_adrSec_share0000_cy<14>
                                                       XLXI_2/XLXI_4/XLXI_94/Madd_adrSec_share0000_cy<15>
    SLICE_X23Y45.CIN     net (fanout=1)        0.000   XLXI_2/XLXI_4/XLXI_94/Madd_adrSec_share0000_cy<15>
    SLICE_X23Y45.COUT    Tbyp                  0.118   XLXI_2/XLXI_4/XLXI_94/adrSec_share0000<16>
                                                       XLXI_2/XLXI_4/XLXI_94/Madd_adrSec_share0000_cy<16>
                                                       XLXI_2/XLXI_4/XLXI_94/Madd_adrSec_share0000_cy<17>
    SLICE_X23Y46.CIN     net (fanout=1)        0.000   XLXI_2/XLXI_4/XLXI_94/Madd_adrSec_share0000_cy<17>
    SLICE_X23Y46.COUT    Tbyp                  0.118   XLXI_2/XLXI_4/XLXI_94/adrSec_share0000<18>
                                                       XLXI_2/XLXI_4/XLXI_94/Madd_adrSec_share0000_cy<18>
                                                       XLXI_2/XLXI_4/XLXI_94/Madd_adrSec_share0000_cy<19>
    SLICE_X23Y47.CIN     net (fanout=1)        0.000   XLXI_2/XLXI_4/XLXI_94/Madd_adrSec_share0000_cy<19>
    SLICE_X23Y47.COUT    Tbyp                  0.118   XLXI_2/XLXI_4/XLXI_94/adrSec_share0000<20>
                                                       XLXI_2/XLXI_4/XLXI_94/Madd_adrSec_share0000_cy<20>
                                                       XLXI_2/XLXI_4/XLXI_94/Madd_adrSec_share0000_cy<21>
    SLICE_X23Y48.CIN     net (fanout=1)        0.000   XLXI_2/XLXI_4/XLXI_94/Madd_adrSec_share0000_cy<21>
    SLICE_X23Y48.COUT    Tbyp                  0.118   XLXI_2/XLXI_4/XLXI_94/adrSec_share0000<22>
                                                       XLXI_2/XLXI_4/XLXI_94/Madd_adrSec_share0000_cy<22>
                                                       XLXI_2/XLXI_4/XLXI_94/Madd_adrSec_share0000_cy<23>
    SLICE_X23Y49.CIN     net (fanout=1)        0.000   XLXI_2/XLXI_4/XLXI_94/Madd_adrSec_share0000_cy<23>
    SLICE_X23Y49.COUT    Tbyp                  0.118   XLXI_2/XLXI_4/XLXI_94/adrSec_share0000<24>
                                                       XLXI_2/XLXI_4/XLXI_94/Madd_adrSec_share0000_cy<24>
                                                       XLXI_2/XLXI_4/XLXI_94/Madd_adrSec_share0000_cy<25>
    SLICE_X23Y50.CIN     net (fanout=1)        0.000   XLXI_2/XLXI_4/XLXI_94/Madd_adrSec_share0000_cy<25>
    SLICE_X23Y50.COUT    Tbyp                  0.118   XLXI_2/XLXI_4/XLXI_94/adrSec_share0000<26>
                                                       XLXI_2/XLXI_4/XLXI_94/Madd_adrSec_share0000_cy<26>
                                                       XLXI_2/XLXI_4/XLXI_94/Madd_adrSec_share0000_cy<27>
    SLICE_X23Y51.CIN     net (fanout=1)        0.000   XLXI_2/XLXI_4/XLXI_94/Madd_adrSec_share0000_cy<27>
    SLICE_X23Y51.COUT    Tbyp                  0.118   XLXI_2/XLXI_4/XLXI_94/adrSec_share0000<28>
                                                       XLXI_2/XLXI_4/XLXI_94/Madd_adrSec_share0000_cy<28>
                                                       XLXI_2/XLXI_4/XLXI_94/Madd_adrSec_share0000_cy<29>
    SLICE_X23Y52.CIN     net (fanout=1)        0.000   XLXI_2/XLXI_4/XLXI_94/Madd_adrSec_share0000_cy<29>
    SLICE_X23Y52.X       Tcinx                 0.462   XLXI_2/XLXI_4/XLXI_94/adrSec_share0000<30>
                                                       XLXI_2/XLXI_4/XLXI_94/Madd_adrSec_share0000_xor<30>
    SLICE_X20Y49.G2      net (fanout=1)        0.952   XLXI_2/XLXI_4/XLXI_94/adrSec_share0000<30>
    SLICE_X20Y49.CLK     Tgck                  0.892   XLXI_2/XLXI_4/XLXI_94/adrSec<30>
                                                       XLXI_2/XLXI_4/XLXI_94/adrSec_mux0004<30>23
                                                       XLXI_2/XLXI_4/XLXI_94/adrSec_30
    -------------------------------------------------  ---------------------------
    Total                                     13.737ns (7.199ns logic, 6.538ns route)
                                                       (52.4% logic, 47.6% route)

--------------------------------------------------------------------------------
Slack (setup path):     6.254ns (requirement - (data path - clock path skew + uncertainty))
  Source:               XLXI_2/XLXI_4/XLXI_94/State_17 (FF)
  Destination:          XLXI_2/XLXI_4/XLXI_94/adrSec_30 (FF)
  Requirement:          20.000ns
  Data Path Delay:      13.735ns (Levels of Logic = 18)
  Clock Path Skew:      -0.011ns (0.098 - 0.109)
  Source Clock:         CLK_BUFGP rising at 0.000ns
  Destination Clock:    CLK_BUFGP rising at 20.000ns
  Clock Uncertainty:    0.000ns

  Maximum Data Path: XLXI_2/XLXI_4/XLXI_94/State_17 to XLXI_2/XLXI_4/XLXI_94/adrSec_30
    Location             Delay type         Delay(ns)  Physical Resource
                                                       Logical Resource(s)
    -------------------------------------------------  -------------------
    SLICE_X40Y36.YQ      Tcko                  0.652   XLXI_2/XLXI_4/XLXI_94/State<17>
                                                       XLXI_2/XLXI_4/XLXI_94/State_17
    SLICE_X22Y41.G1      net (fanout=79)       3.110   XLXI_2/XLXI_4/XLXI_94/State<17>
    SLICE_X22Y41.Y       Tilo                  0.759   XLXI_2/N311
                                                       XLXI_2/XLXI_4/XLXI_94/adrSec_mux0005<11>39
    SLICE_X20Y26.F3      net (fanout=16)       1.698   XLXI_2/XLXI_4/XLXI_94/adrSec_mux0005<11>39
    SLICE_X20Y26.X       Tilo                  0.759   XLXI_2/XLXI_4/XLXI_94/adrSec_mux0005<26>16
                                                       XLXI_2/XLXI_4/XLXI_94/adrSec_mux0005<26>16
    SLICE_X21Y35.F4      net (fanout=2)        0.679   XLXI_2/XLXI_4/XLXI_94/adrSec_mux0005<26>16
    SLICE_X21Y35.X       Tilo                  0.704   XLXI_2/XLXI_4/XLXI_94/nrClus<12>
                                                       XLXI_2/XLXI_4/XLXI_94/adrSec_mux0005<26>22
    SLICE_X23Y39.BY      net (fanout=1)        0.680   XLXI_2/XLXI_4/XLXI_94/adrSec_mux0005<26>
    SLICE_X23Y39.COUT    Tbycy                 0.972   XLXI_2/XLXI_4/XLXI_94/adrSec_share0000<4>
                                                       XLXI_2/XLXI_4/XLXI_94/Madd_adrSec_share0000_cy<5>
    SLICE_X23Y40.CIN     net (fanout=1)        0.000   XLXI_2/XLXI_4/XLXI_94/Madd_adrSec_share0000_cy<5>
    SLICE_X23Y40.COUT    Tbyp                  0.118   XLXI_2/XLXI_4/XLXI_94/adrSec_share0000<6>
                                                       XLXI_2/XLXI_4/XLXI_94/Madd_adrSec_share0000_cy<6>
                                                       XLXI_2/XLXI_4/XLXI_94/Madd_adrSec_share0000_cy<7>
    SLICE_X23Y41.CIN     net (fanout=1)        0.000   XLXI_2/XLXI_4/XLXI_94/Madd_adrSec_share0000_cy<7>
    SLICE_X23Y41.COUT    Tbyp                  0.118   XLXI_2/XLXI_4/XLXI_94/adrSec_share0000<8>
                                                       XLXI_2/XLXI_4/XLXI_94/Madd_adrSec_share0000_cy<8>
                                                       XLXI_2/XLXI_4/XLXI_94/Madd_adrSec_share0000_cy<9>
    SLICE_X23Y42.CIN     net (fanout=1)        0.000   XLXI_2/XLXI_4/XLXI_94/Madd_adrSec_share0000_cy<9>
    SLICE_X23Y42.COUT    Tbyp                  0.118   XLXI_2/XLXI_4/XLXI_94/adrSec_share0000<10>
                                                       XLXI_2/XLXI_4/XLXI_94/Madd_adrSec_share0000_cy<10>
                                                       XLXI_2/XLXI_4/XLXI_94/Madd_adrSec_share0000_cy<11>
    SLICE_X23Y43.CIN     net (fanout=1)        0.000   XLXI_2/XLXI_4/XLXI_94/Madd_adrSec_share0000_cy<11>
    SLICE_X23Y43.COUT    Tbyp                  0.118   XLXI_2/XLXI_4/XLXI_94/adrSec_share0000<12>
                                                       XLXI_2/XLXI_4/XLXI_94/Madd_adrSec_share0000_cy<12>
                                                       XLXI_2/XLXI_4/XLXI_94/Madd_adrSec_share0000_cy<13>
    SLICE_X23Y44.CIN     net (fanout=1)        0.000   XLXI_2/XLXI_4/XLXI_94/Madd_adrSec_share0000_cy<13>
    SLICE_X23Y44.COUT    Tbyp                  0.118   XLXI_2/XLXI_4/XLXI_94/adrSec_share0000<14>
                                                       XLXI_2/XLXI_4/XLXI_94/Madd_adrSec_share0000_cy<14>
                                                       XLXI_2/XLXI_4/XLXI_94/Madd_adrSec_share0000_cy<15>
    SLICE_X23Y45.CIN     net (fanout=1)        0.000   XLXI_2/XLXI_4/XLXI_94/Madd_adrSec_share0000_cy<15>
    SLICE_X23Y45.COUT    Tbyp                  0.118   XLXI_2/XLXI_4/XLXI_94/adrSec_share0000<16>
                                                       XLXI_2/XLXI_4/XLXI_94/Madd_adrSec_share0000_cy<16>
                                                       XLXI_2/XLXI_4/XLXI_94/Madd_adrSec_share0000_cy<17>
    SLICE_X23Y46.CIN     net (fanout=1)        0.000   XLXI_2/XLXI_4/XLXI_94/Madd_adrSec_share0000_cy<17>
    SLICE_X23Y46.COUT    Tbyp                  0.118   XLXI_2/XLXI_4/XLXI_94/adrSec_share0000<18>
                                                       XLXI_2/XLXI_4/XLXI_94/Madd_adrSec_share0000_cy<18>
                                                       XLXI_2/XLXI_4/XLXI_94/Madd_adrSec_share0000_cy<19>
    SLICE_X23Y47.CIN     net (fanout=1)        0.000   XLXI_2/XLXI_4/XLXI_94/Madd_adrSec_share0000_cy<19>
    SLICE_X23Y47.COUT    Tbyp                  0.118   XLXI_2/XLXI_4/XLXI_94/adrSec_share0000<20>
                                                       XLXI_2/XLXI_4/XLXI_94/Madd_adrSec_share0000_cy<20>
                                                       XLXI_2/XLXI_4/XLXI_94/Madd_adrSec_share0000_cy<21>
    SLICE_X23Y48.CIN     net (fanout=1)        0.000   XLXI_2/XLXI_4/XLXI_94/Madd_adrSec_share0000_cy<21>
    SLICE_X23Y48.COUT    Tbyp                  0.118   XLXI_2/XLXI_4/XLXI_94/adrSec_share0000<22>
                                                       XLXI_2/XLXI_4/XLXI_94/Madd_adrSec_share0000_cy<22>
                                                       XLXI_2/XLXI_4/XLXI_94/Madd_adrSec_share0000_cy<23>
    SLICE_X23Y49.CIN     net (fanout=1)        0.000   XLXI_2/XLXI_4/XLXI_94/Madd_adrSec_share0000_cy<23>
    SLICE_X23Y49.COUT    Tbyp                  0.118   XLXI_2/XLXI_4/XLXI_94/adrSec_share0000<24>
                                                       XLXI_2/XLXI_4/XLXI_94/Madd_adrSec_share0000_cy<24>
                                                       XLXI_2/XLXI_4/XLXI_94/Madd_adrSec_share0000_cy<25>
    SLICE_X23Y50.CIN     net (fanout=1)        0.000   XLXI_2/XLXI_4/XLXI_94/Madd_adrSec_share0000_cy<25>
    SLICE_X23Y50.COUT    Tbyp                  0.118   XLXI_2/XLXI_4/XLXI_94/adrSec_share0000<26>
                                                       XLXI_2/XLXI_4/XLXI_94/Madd_adrSec_share0000_cy<26>
                                                       XLXI_2/XLXI_4/XLXI_94/Madd_adrSec_share0000_cy<27>
    SLICE_X23Y51.CIN     net (fanout=1)        0.000   XLXI_2/XLXI_4/XLXI_94/Madd_adrSec_share0000_cy<27>
    SLICE_X23Y51.COUT    Tbyp                  0.118   XLXI_2/XLXI_4/XLXI_94/adrSec_share0000<28>
                                                       XLXI_2/XLXI_4/XLXI_94/Madd_adrSec_share0000_cy<28>
                                                       XLXI_2/XLXI_4/XLXI_94/Madd_adrSec_share0000_cy<29>
    SLICE_X23Y52.CIN     net (fanout=1)        0.000   XLXI_2/XLXI_4/XLXI_94/Madd_adrSec_share0000_cy<29>
    SLICE_X23Y52.X       Tcinx                 0.462   XLXI_2/XLXI_4/XLXI_94/adrSec_share0000<30>
                                                       XLXI_2/XLXI_4/XLXI_94/Madd_adrSec_share0000_xor<30>
    SLICE_X20Y49.G2      net (fanout=1)        0.952   XLXI_2/XLXI_4/XLXI_94/adrSec_share0000<30>
    SLICE_X20Y49.CLK     Tgck                  0.892   XLXI_2/XLXI_4/XLXI_94/adrSec<30>
                                                       XLXI_2/XLXI_4/XLXI_94/adrSec_mux0004<30>23
                                                       XLXI_2/XLXI_4/XLXI_94/adrSec_30
    -------------------------------------------------  ---------------------------
    Total                                     13.735ns (6.616ns logic, 7.119ns route)
                                                       (48.2% logic, 51.8% route)

--------------------------------------------------------------------------------

Hold Paths: NET "CLK_BUFGP/IBUFG" PERIOD = 20 ns HIGH 50%;
--------------------------------------------------------------------------------

Paths for end point XLXI_2/XLXI_3/sr4B_3_1 (SLICE_X65Y69.BX), 1 path
--------------------------------------------------------------------------------
Slack (hold path):      0.980ns (requirement - (clock path skew + uncertainty - data path))
  Source:               XLXI_2/XLXI_3/sr4B_2_1 (FF)
  Destination:          XLXI_2/XLXI_3/sr4B_3_1 (FF)
  Requirement:          0.000ns
  Data Path Delay:      0.980ns (Levels of Logic = 0)
  Clock Path Skew:      0.000ns
  Source Clock:         CLK_BUFGP rising at 20.000ns
  Destination Clock:    CLK_BUFGP rising at 20.000ns
  Clock Uncertainty:    0.000ns

  Minimum Data Path: XLXI_2/XLXI_3/sr4B_2_1 to XLXI_2/XLXI_3/sr4B_3_1
    Location             Delay type         Delay(ns)  Physical Resource
                                                       Logical Resource(s)
    -------------------------------------------------  -------------------
    SLICE_X64Y69.XQ      Tcko                  0.474   XLXI_2/XLXI_3/sr4B_2_1
                                                       XLXI_2/XLXI_3/sr4B_2_1
    SLICE_X65Y69.BX      net (fanout=4)        0.413   XLXI_2/XLXI_3/sr4B_2_1
    SLICE_X65Y69.CLK     Tckdi       (-Th)    -0.093   XLXI_2/XLXI_3/sr4B_3_1
                                                       XLXI_2/XLXI_3/sr4B_3_1
    -------------------------------------------------  ---------------------------
    Total                                      0.980ns (0.567ns logic, 0.413ns route)
                                                       (57.9% logic, 42.1% route)

--------------------------------------------------------------------------------

Paths for end point XLXI_1/ResDORdy/DInToggle (SLICE_X55Y70.BY), 1 path
--------------------------------------------------------------------------------
Slack (hold path):      0.987ns (requirement - (clock path skew + uncertainty - data path))
  Source:               XLXI_1/ResDORdy/DInToggle (FF)
  Destination:          XLXI_1/ResDORdy/DInToggle (FF)
  Requirement:          0.000ns
  Data Path Delay:      0.987ns (Levels of Logic = 0)
  Clock Path Skew:      0.000ns
  Source Clock:         CLK_BUFGP rising at 20.000ns
  Destination Clock:    CLK_BUFGP rising at 20.000ns
  Clock Uncertainty:    0.000ns

  Minimum Data Path: XLXI_1/ResDORdy/DInToggle to XLXI_1/ResDORdy/DInToggle
    Location             Delay type         Delay(ns)  Physical Resource
                                                       Logical Resource(s)
    -------------------------------------------------  -------------------
    SLICE_X55Y70.YQ      Tcko                  0.470   XLXI_1/ResDORdy/DInToggle
                                                       XLXI_1/ResDORdy/DInToggle
    SLICE_X55Y70.BY      net (fanout=2)        0.382   XLXI_1/ResDORdy/DInToggle
    SLICE_X55Y70.CLK     Tckdi       (-Th)    -0.135   XLXI_1/ResDORdy/DInToggle
                                                       XLXI_1/ResDORdy/DInToggle
    -------------------------------------------------  ---------------------------
    Total                                      0.987ns (0.605ns logic, 0.382ns route)
                                                       (61.3% logic, 38.7% route)

--------------------------------------------------------------------------------

Paths for end point XLXI_2/XLXI_3/iFmtSRate_7 (SLICE_X66Y54.BX), 1 path
--------------------------------------------------------------------------------
Slack (hold path):      1.017ns (requirement - (clock path skew + uncertainty - data path))
  Source:               XLXI_2/XLXI_3/sr4B_1_7 (FF)
  Destination:          XLXI_2/XLXI_3/iFmtSRate_7 (FF)
  Requirement:          0.000ns
  Data Path Delay:      1.022ns (Levels of Logic = 0)
  Clock Path Skew:      0.005ns (0.070 - 0.065)
  Source Clock:         CLK_BUFGP rising at 20.000ns
  Destination Clock:    CLK_BUFGP rising at 20.000ns
  Clock Uncertainty:    0.000ns

  Minimum Data Path: XLXI_2/XLXI_3/sr4B_1_7 to XLXI_2/XLXI_3/iFmtSRate_7
    Location             Delay type         Delay(ns)  Physical Resource
                                                       Logical Resource(s)
    -------------------------------------------------  -------------------
    SLICE_X65Y54.XQ      Tcko                  0.473   XLXI_2/XLXI_3/sr4B_1_7
                                                       XLXI_2/XLXI_3/sr4B_1_7
    SLICE_X66Y54.BX      net (fanout=6)        0.415   XLXI_2/XLXI_3/sr4B_1_7
    SLICE_X66Y54.CLK     Tckdi       (-Th)    -0.134   XLXI_2/XLXI_3/iFmtSRate<7>
                                                       XLXI_2/XLXI_3/iFmtSRate_7
    -------------------------------------------------  ---------------------------
    Total                                      1.022ns (0.607ns logic, 0.415ns route)
                                                       (59.4% logic, 40.6% route)

--------------------------------------------------------------------------------

Component Switching Limit Checks: NET "CLK_BUFGP/IBUFG" PERIOD = 20 ns HIGH 50%;
--------------------------------------------------------------------------------
Slack: 16.824ns (period - (min low pulse limit / (low pulse / period)))
  Period: 20.000ns
  Low pulse: 10.000ns
  Low pulse limit: 1.588ns (Tbpwl)
  Physical resource: XLXI_2/XLXI_4/XLXI_89/Mram_BRAM/CLKA
  Logical resource: XLXI_2/XLXI_4/XLXI_89/Mram_BRAM.A/CLKA
  Location pin: RAMB16_X1Y4.CLKA
  Clock network: CLK_BUFGP
--------------------------------------------------------------------------------
Slack: 16.824ns (period - (min high pulse limit / (high pulse / period)))
  Period: 20.000ns
  High pulse: 10.000ns
  High pulse limit: 1.588ns (Tbpwh)
  Physical resource: XLXI_2/XLXI_4/XLXI_89/Mram_BRAM/CLKA
  Logical resource: XLXI_2/XLXI_4/XLXI_89/Mram_BRAM.A/CLKA
  Location pin: RAMB16_X1Y4.CLKA
  Clock network: CLK_BUFGP
--------------------------------------------------------------------------------
Slack: 16.824ns (period - min period limit)
  Period: 20.000ns
  Min period limit: 3.176ns (314.861MHz) (Tbp)
  Physical resource: XLXI_2/XLXI_4/XLXI_89/Mram_BRAM/CLKA
  Logical resource: XLXI_2/XLXI_4/XLXI_89/Mram_BRAM.A/CLKA
  Location pin: RAMB16_X1Y4.CLKA
  Clock network: CLK_BUFGP
--------------------------------------------------------------------------------


All constraints were met.


Data Sheet report:
-----------------
All values displayed in nanoseconds (ns)

Clock to Setup on destination clock CLK
---------------+---------+---------+---------+---------+
               | Src:Rise| Src:Fall| Src:Rise| Src:Fall|
Source Clock   |Dest:Rise|Dest:Rise|Dest:Fall|Dest:Fall|
---------------+---------+---------+---------+---------+
CLK            |   14.092|         |         |         |
---------------+---------+---------+---------+---------+


Timing summary:
---------------

Timing errors: 0  Score: 0  (Setup/Max: 0, Hold: 0)

Constraints cover 72593 paths, 0 nets, and 7235 connections

Design statistics:
   Minimum period:  14.092ns{1}   (Maximum frequency:  70.962MHz)


------------------------------------Footnotes-----------------------------------
1)  The minimum period statistic assumes all single cycle delays.

Analysis completed Tue Apr 23 16:05:52 2024 
--------------------------------------------------------------------------------

Trace Settings:
-------------------------
Trace Settings 

Peak Memory Usage: 154 MB



