Release 14.7 - xst P.20131013 (nt64)
Copyright (c) 1995-2013 Xilinx, Inc.  All rights reserved.
--> Parameter TMPDIR set to xst/projnav.tmp


Total REAL time to Xst completion: 0.00 secs
Total CPU time to Xst completion: 0.09 secs
 
--> Parameter xsthdpdir set to xst


Total REAL time to Xst completion: 0.00 secs
Total CPU time to Xst completion: 0.09 secs
 
--> Reading design: main_schema.prj

TABLE OF CONTENTS
  1) Synthesis Options Summary
  2) HDL Compilation
  3) Design Hierarchy Analysis
  4) HDL Analysis
  5) HDL Synthesis
     5.1) HDL Synthesis Report
  6) Advanced HDL Synthesis
     6.1) Advanced HDL Synthesis Report
  7) Low Level Synthesis
  8) Partition Report
  9) Final Report
	9.1) Device utilization summary
	9.2) Partition Resource Summary
	9.3) TIMING REPORT


=========================================================================
*                      Synthesis Options Summary                        *
=========================================================================
---- Source Parameters
Input File Name                    : "main_schema.prj"
Input Format                       : mixed
Ignore Synthesis Constraint File   : NO

---- Target Parameters
Output File Name                   : "main_schema"
Output Format                      : NGC
Target Device                      : xc3s500e-4-fg320

---- Source Options
Top Module Name                    : main_schema
Automatic FSM Extraction           : YES
FSM Encoding Algorithm             : Auto
Safe Implementation                : No
FSM Style                          : LUT
RAM Extraction                     : Yes
RAM Style                          : Auto
ROM Extraction                     : Yes
Mux Style                          : Auto
Decoder Extraction                 : YES
Priority Encoder Extraction        : Yes
Shift Register Extraction          : YES
Logical Shifter Extraction         : YES
XOR Collapsing                     : YES
ROM Style                          : Auto
Mux Extraction                     : Yes
Resource Sharing                   : YES
Asynchronous To Synchronous        : NO
Multiplier Style                   : Auto
Automatic Register Balancing       : No

---- Target Options
Add IO Buffers                     : YES
Global Maximum Fanout              : 100000
Add Generic Clock Buffer(BUFG)     : 24
Register Duplication               : YES
Slice Packing                      : YES
Optimize Instantiated Primitives   : NO
Use Clock Enable                   : Yes
Use Synchronous Set                : Yes
Use Synchronous Reset              : Yes
Pack IO Registers into IOBs        : Auto
Equivalent register Removal        : YES

---- General Options
Optimization Goal                  : Speed
Optimization Effort                : 1
Keep Hierarchy                     : No
Netlist Hierarchy                  : As_Optimized
RTL Output                         : Yes
Global Optimization                : AllClockNets
Read Cores                         : YES
Write Timing Constraints           : NO
Cross Clock Analysis               : NO
Hierarchy Separator                : /
Bus Delimiter                      : <>
Case Specifier                     : Maintain
Slice Utilization Ratio            : 100
BRAM Utilization Ratio             : 100
Verilog 2001                       : YES
Auto BRAM Packing                  : NO
Slice Utilization Ratio Delta      : 5

---- Other Options
Cores Search Directories           : {"black_boxes"  }

=========================================================================


=========================================================================
*                          HDL Compilation                              *
=========================================================================
Compiling vhdl file "C:/Users/lab/Desktop/SPARTAN3E_music_game-main/SPARTAN3E_music_game-main/FSM_SendSamples.vhd" in Library work.
Architecture behavioral of Entity fsm_sendsamples is up to date.
Compiling vhdl file "C:/Users/lab/Desktop/SPARTAN3E_music_game-main/SPARTAN3E_music_game-main/kbd_2_ascii.vhd" in Library work.
Architecture behavioral of Entity kbd_2_ascii is up to date.
Compiling vhdl file "C:/Users/lab/Desktop/SPARTAN3E_music_game-main/SPARTAN3E_music_game-main/Keyboard_driver.vhd" in Library work.
Architecture behavioral of Entity keyboard_driver is up to date.
Compiling vhdl file "C:/Users/lab/Desktop/SPARTAN3E_music_game-main/SPARTAN3E_music_game-main/main_schema.vhf" in Library work.
Entity <main_schema> compiled.
Entity <main_schema> (Architecture <behavioral>) compiled.

=========================================================================
*                     Design Hierarchy Analysis                         *
=========================================================================
Analyzing hierarchy for entity <main_schema> in library <work> (architecture <behavioral>).

Analyzing hierarchy for entity <FSM_SendSamples> in library <work> (architecture <behavioral>).

Analyzing hierarchy for entity <kbd_2_ascii> in library <work> (architecture <behavioral>).

Analyzing hierarchy for entity <Keyboard_driver> in library <work> (architecture <behavioral>).


=========================================================================
*                            HDL Analysis                               *
=========================================================================
Analyzing Entity <main_schema> in library <work> (Architecture <behavioral>).
WARNING:Xst:2211 - "C:/Users/lab/Desktop/SPARTAN3E_music_game-main/SPARTAN3E_music_game-main/main_schema.vhf" line 150: Instantiating black box module <PS2_Rx>.
WARNING:Xst:753 - "C:/Users/lab/Desktop/SPARTAN3E_music_game-main/SPARTAN3E_music_game-main/main_schema.vhf" line 158: Unconnected output port 'FmtMnS' of component 'WAVreader'.
WARNING:Xst:753 - "C:/Users/lab/Desktop/SPARTAN3E_music_game-main/SPARTAN3E_music_game-main/main_schema.vhf" line 158: Unconnected output port 'Fmt8n16' of component 'WAVreader'.
WARNING:Xst:753 - "C:/Users/lab/Desktop/SPARTAN3E_music_game-main/SPARTAN3E_music_game-main/main_schema.vhf" line 158: Unconnected output port 'FmtSRate' of component 'WAVreader'.
WARNING:Xst:753 - "C:/Users/lab/Desktop/SPARTAN3E_music_game-main/SPARTAN3E_music_game-main/main_schema.vhf" line 158: Unconnected output port 'Busy' of component 'WAVreader'.
WARNING:Xst:2211 - "C:/Users/lab/Desktop/SPARTAN3E_music_game-main/SPARTAN3E_music_game-main/main_schema.vhf" line 158: Instantiating black box module <WAVreader>.
WARNING:Xst:753 - "C:/Users/lab/Desktop/SPARTAN3E_music_game-main/SPARTAN3E_music_game-main/main_schema.vhf" line 180: Unconnected output port 'SF_CE0' of component 'DACWrite'.
WARNING:Xst:2211 - "C:/Users/lab/Desktop/SPARTAN3E_music_game-main/SPARTAN3E_music_game-main/main_schema.vhf" line 180: Instantiating black box module <DACWrite>.
Entity <main_schema> analyzed. Unit <main_schema> generated.

Analyzing Entity <FSM_SendSamples> in library <work> (Architecture <behavioral>).
Entity <FSM_SendSamples> analyzed. Unit <FSM_SendSamples> generated.

Analyzing Entity <kbd_2_ascii> in library <work> (Architecture <behavioral>).
Entity <kbd_2_ascii> analyzed. Unit <kbd_2_ascii> generated.

Analyzing Entity <Keyboard_driver> in library <work> (Architecture <behavioral>).
Entity <Keyboard_driver> analyzed. Unit <Keyboard_driver> generated.


=========================================================================
*                           HDL Synthesis                               *
=========================================================================

Performing bidirectional port resolution...

Synthesizing Unit <FSM_SendSamples>.
    Related source file is "C:/Users/lab/Desktop/SPARTAN3E_music_game-main/SPARTAN3E_music_game-main/FSM_SendSamples.vhd".
WARNING:Xst:647 - Input <SampL<3:0>> is never used. This port will be preserved and left unconnected if it belongs to a top-level block or it belongs to a sub-block and the hierarchy of this sub-block is preserved.
WARNING:Xst:647 - Input <SampR<3:0>> is never used. This port will be preserved and left unconnected if it belongs to a top-level block or it belongs to a sub-block and the hierarchy of this sub-block is preserved.
    Found finite state machine <FSM_0> for signal <State>.
    -----------------------------------------------------------------------
    | States             | 6                                              |
    | Transitions        | 10                                             |
    | Inputs             | 3                                              |
    | Outputs            | 9                                              |
    | Clock              | Clk                       (rising_edge)        |
    | Reset              | Reset                     (positive)           |
    | Reset type         | asynchronous                                   |
    | Reset State        | sreset                                         |
    | Power Up State     | sreset                                         |
    | Encoding           | automatic                                      |
    | Implementation     | LUT                                            |
    -----------------------------------------------------------------------
    Summary:
	inferred   1 Finite State Machine(s).
Unit <FSM_SendSamples> synthesized.


Synthesizing Unit <kbd_2_ascii>.
    Related source file is "C:/Users/lab/Desktop/SPARTAN3E_music_game-main/SPARTAN3E_music_game-main/kbd_2_ascii.vhd".
Unit <kbd_2_ascii> synthesized.


Synthesizing Unit <Keyboard_driver>.
    Related source file is "C:/Users/lab/Desktop/SPARTAN3E_music_game-main/SPARTAN3E_music_game-main/Keyboard_driver.vhd".
WARNING:Xst:1780 - Signal <prev_key> is never used or assigned. This unconnected signal will be trimmed during the optimization process.
    Found 8-bit register for signal <key>.
    Found 1-bit register for signal <Labort>.
    Found 1-bit register for signal <Lplay>.
    Summary:
	inferred  10 D-type flip-flop(s).
Unit <Keyboard_driver> synthesized.


Synthesizing Unit <main_schema>.
    Related source file is "C:/Users/lab/Desktop/SPARTAN3E_music_game-main/SPARTAN3E_music_game-main/main_schema.vhf".
Unit <main_schema> synthesized.


=========================================================================
HDL Synthesis Report

Macro Statistics
# Registers                                            : 3
 1-bit register                                        : 2
 8-bit register                                        : 1

=========================================================================

=========================================================================
*                       Advanced HDL Synthesis                          *
=========================================================================

Analyzing FSM <FSM_0> for best encoding.
Optimizing FSM <XLXI_4/State/FSM> on signal <State[1:3]> with gray encoding.
--------------------
 State  | Encoding
--------------------
 sreset | 000
 sready | 001
 swaitl | 011
 ssendl | 010
 swaitr | 110
 ssendr | 111
--------------------
Reading core <black_boxes/PS2_Rx.ngc>.
Reading core <black_boxes/WAVreader.ngc>.
Reading core <black_boxes/DACWrite.ngc>.
Loading core <PS2_Rx> for timing and area information for instance <XLXI_1>.
Loading core <WAVreader> for timing and area information for instance <XLXI_2>.
Loading core <DACWrite> for timing and area information for instance <XLXI_3>.
WARNING:Xst:1426 - The value init of the FF/Latch Lplay hinder the constant cleaning in the block XLXI_9.
   You should achieve better results by setting this init to 1.
WARNING:Xst:2677 - Node <key_7> of sequential type is unconnected in block <XLXI_9>.

=========================================================================
Advanced HDL Synthesis Report

Macro Statistics
# FSMs                                                 : 1
# Registers                                            : 10
 Flip-Flops                                            : 10

=========================================================================

=========================================================================
*                         Low Level Synthesis                           *
=========================================================================
WARNING:Xst:1426 - The value init of the FF/Latch Lplay hinder the constant cleaning in the block Keyboard_driver.
   You should achieve better results by setting this init to 1.

Optimizing unit <main_schema> ...

Optimizing unit <Keyboard_driver> ...
WARNING:Xst:2677 - Node <XLXI_9/key_7> of sequential type is unconnected in block <main_schema>.

Mapping all equations...
Building and optimizing final netlist ...
Found area constraint ratio of 100 (+ 5) on block main_schema, actual ratio is 21.
INFO:Xst:2260 - The FF/Latch <XLXI_4/XLXI_94/SpC_1> in Unit <XLXI_2> is equivalent to the following FF/Latch : <XLXI_4/XLXI_94/SpC_1_1> 
INFO:Xst:2260 - The FF/Latch <XLXI_4/XLXI_94/State_11> in Unit <XLXI_2> is equivalent to the following FF/Latch : <XLXI_4/XLXI_94/State_11_1> 
INFO:Xst:2260 - The FF/Latch <XLXI_4/XLXI_94/State_15> in Unit <XLXI_2> is equivalent to the following FF/Latch : <XLXI_4/XLXI_94/State_15_1> 
INFO:Xst:2260 - The FF/Latch <XLXI_4/XLXI_94/SpC_1> in Unit <XLXI_2> is equivalent to the following FF/Latch : <XLXI_4/XLXI_94/SpC_1_1> 
INFO:Xst:2260 - The FF/Latch <XLXI_4/XLXI_94/State_11> in Unit <XLXI_2> is equivalent to the following FF/Latch : <XLXI_4/XLXI_94/State_11_1> 
INFO:Xst:2260 - The FF/Latch <XLXI_4/XLXI_94/State_15> in Unit <XLXI_2> is equivalent to the following FF/Latch : <XLXI_4/XLXI_94/State_15_1> 

Final Macro Processing ...

=========================================================================
Final Register Report

Macro Statistics
# Registers                                            : 12
 Flip-Flops                                            : 12

=========================================================================

=========================================================================
*                           Partition Report                            *
=========================================================================

Partition Implementation Status
-------------------------------

  No Partitions were found in this design.

-------------------------------

=========================================================================
*                            Final Report                               *
=========================================================================
Final Results
RTL Top Level Output File Name     : main_schema.ngr
Top Level Output File Name         : main_schema
Output Format                      : NGC
Optimization Goal                  : Speed
Keep Hierarchy                     : No

Design Statistics
# IOs                              : 20

Cell Usage :
# BELS                             : 2569
#      GND                         : 4
#      INV                         : 62
#      LUT1                        : 128
#      LUT2                        : 203
#      LUT2_D                      : 12
#      LUT2_L                      : 21
#      LUT3                        : 391
#      LUT3_D                      : 18
#      LUT3_L                      : 10
#      LUT4                        : 761
#      LUT4_D                      : 70
#      LUT4_L                      : 99
#      MULT_AND                    : 10
#      MUXCY                       : 361
#      MUXF5                       : 72
#      MUXF6                       : 9
#      OR2                         : 2
#      VCC                         : 4
#      XORCY                       : 332
# FlipFlops/Latches                : 758
#      FD                          : 105
#      FDC                         : 3
#      FDE                         : 216
#      FDR                         : 30
#      FDRE                        : 255
#      FDRS                        : 6
#      FDRSE                       : 5
#      FDS                         : 133
#      FDSE                        : 5
# RAMS                             : 1
#      RAMB16_S9_S9                : 1
# Clock Buffers                    : 1
#      BUFGP                       : 1
# IO Buffers                       : 19
#      IBUF                        : 5
#      OBUF                        : 14
=========================================================================

Device utilization summary:
---------------------------

Selected Device : 3s500efg320-4 

 Number of Slices:                     1009  out of   4656    21%  
 Number of Slice Flip Flops:            758  out of   9312     8%  
 Number of 4 input LUTs:               1775  out of   9312    19%  
 Number of IOs:                          20
 Number of bonded IOBs:                  20  out of    232     8%  
 Number of BRAMs:                         1  out of     20     5%  
 Number of GCLKs:                         1  out of     24     4%  

---------------------------
Partition Resource Summary:
---------------------------

  No Partitions were found in this design.

---------------------------


=========================================================================
TIMING REPORT

NOTE: THESE TIMING NUMBERS ARE ONLY A SYNTHESIS ESTIMATE.
      FOR ACCURATE TIMING INFORMATION PLEASE REFER TO THE TRACE REPORT
      GENERATED AFTER PLACE-and-ROUTE.

Clock Information:
------------------
-----------------------------------+------------------------+-------+
Clock Signal                       | Clock buffer(FF name)  | Load  |
-----------------------------------+------------------------+-------+
CLK                                | BUFGP                  | 759   |
-----------------------------------+------------------------+-------+

Asynchronous Control Signals Information:
----------------------------------------
-----------------------------------+------------------------+-------+
Control Signal                     | Buffer(FF name)        | Load  |
-----------------------------------+------------------------+-------+
Reset                              | IBUF                   | 3     |
-----------------------------------+------------------------+-------+

Timing Summary:
---------------
Speed Grade: -4

   Minimum period: 12.032ns (Maximum Frequency: 83.112MHz)
   Minimum input arrival time before clock: 8.133ns
   Maximum output required time after clock: 7.533ns
   Maximum combinational path delay: 7.263ns

Timing Detail:
--------------
All values displayed in nanoseconds (ns)

=========================================================================
Timing constraint: Default period analysis for Clock 'CLK'
  Clock period: 12.032ns (frequency: 83.112MHz)
  Total number of paths / destination ports: 72715 / 1677
-------------------------------------------------------------------------
Delay:               12.032ns (Levels of Logic = 11)
  Source:            XLXI_9/key_5 (FF)
  Destination:       XLXI_2/XLXI_4/XLXI_94/State_23 (FF)
  Source Clock:      CLK rising
  Destination Clock: CLK rising

  Data Path: XLXI_9/key_5 to XLXI_2/XLXI_4/XLXI_94/State_23
                                Gate     Net
    Cell:in->out      fanout   Delay   Delay  Logical Name (Net Name)
    ----------------------------------------  ------------
     FDE:C->Q             12   0.591   1.136  XLXI_9/key_5 (XLXI_9/key_5)
     LUT4:I0->O            5   0.704   0.637  XLXI_8/ASCII<2>16 (N7)
     LUT4:I3->O            1   0.704   0.000  XLXI_8/ASCII<6>2_F (N41)
     MUXF5:I0->O           2   0.321   0.451  XLXI_8/ASCII<6>2 (N2)
     LUT4:I3->O            1   0.704   0.595  XLXI_8/ASCII<0> (XLXN_108<0>)
     begin scope: 'XLXI_2'
     LUT2:I0->O            1   0.704   0.499  XLXI_4/XLXI_94/NextState_and0010124 (XLXI_4/XLXI_94/NextState_and0010124)
     LUT4:I1->O            2   0.704   0.451  XLXI_4/XLXI_94/NextState_and0010159_SW0 (N493)
     LUT4_L:I3->LO         1   0.704   0.179  XLXI_4/XLXI_94/NextState_and0010159 (XLXI_4/XLXI_94/NextState_and0010)
     LUT3:I1->O            1   0.704   0.424  XLXI_4/XLXI_94/State_mux0002<8>110 (XLXI_4/XLXI_94/State_mux0002<8>110)
     LUT4_L:I3->LO         1   0.704   0.104  XLXI_4/XLXI_94/State_mux0002<8>129_SW0 (N459)
     LUT4:I3->O            1   0.704   0.000  XLXI_4/XLXI_94/State_mux0002<8>1831 (XLXI_4/XLXI_94/State_mux0002<8>183)
     FDS:D                     0.308          XLXI_4/XLXI_94/State_23
    ----------------------------------------
    Total                     12.032ns (7.556ns logic, 4.476ns route)
                                       (62.8% logic, 37.2% route)

=========================================================================
Timing constraint: Default OFFSET IN BEFORE for Clock 'CLK'
  Total number of paths / destination ports: 152 / 144
-------------------------------------------------------------------------
Offset:              8.133ns (Levels of Logic = 6)
  Source:            Reset (PAD)
  Destination:       XLXI_2/XLXI_3/State_4 (FF)
  Destination Clock: CLK rising

  Data Path: Reset to XLXI_2/XLXI_3/State_4
                                Gate     Net
    Cell:in->out      fanout   Delay   Delay  Logical Name (Net Name)
    ----------------------------------------  ------------
     IBUF:I->O            57   1.218   1.445  Reset_IBUF (Reset_IBUF)
     begin scope: 'XLXI_2'
     LUT2:I0->O           15   0.704   1.096  XLXI_3/State_mux0002<14>131 (XLXI_3/N19)
     LUT4:I1->O            3   0.704   0.610  XLXI_3/State_mux0002<16>111 (XLXI_3/N22)
     LUT4:I1->O            1   0.704   0.000  XLXI_3/State_mux0002<16>191 (XLXI_3/State_mux0002<16>191)
     MUXF5:I1->O           1   0.321   0.420  XLXI_3/State_mux0002<16>19_f5 (XLXI_3/State_mux0002<16>19)
     FDRS:S                    0.911          XLXI_3/State_4
    ----------------------------------------
    Total                      8.133ns (4.562ns logic, 3.571ns route)
                                       (56.1% logic, 43.9% route)

=========================================================================
Timing constraint: Default OFFSET OUT AFTER for Clock 'CLK'
  Total number of paths / destination ports: 12 / 8
-------------------------------------------------------------------------
Offset:              7.533ns (Levels of Logic = 4)
  Source:            XLXI_2/XLXI_4/XLXI_96/I_Transc/State_3 (FF)
  Destination:       SDC_MOSI (PAD)
  Source Clock:      CLK rising

  Data Path: XLXI_2/XLXI_4/XLXI_96/I_Transc/State_3 to SDC_MOSI
                                Gate     Net
    Cell:in->out      fanout   Delay   Delay  Logical Name (Net Name)
    ----------------------------------------  ------------
     FDR:C->Q             12   0.591   1.136  XLXI_4/XLXI_96/I_Transc/State_3 (XLXI_4/XLXI_96/I_Transc/State<3>)
     LUT3_D:I0->O          3   0.704   0.706  XLXI_4/XLXI_96/I_Transc/TxByteCE_cmp_eq000011 (XLXI_4/XLXI_96/I_Transc/N6)
     LUT3:I0->O            1   0.704   0.420  XLXI_4/XLXI_96/I_Transc/MOSI1 (SDC_MOSI)
     end scope: 'XLXI_2'
     OBUF:I->O                 3.272          SDC_MOSI_OBUF (SDC_MOSI)
    ----------------------------------------
    Total                      7.533ns (5.271ns logic, 2.262ns route)
                                       (70.0% logic, 30.0% route)

=========================================================================
Timing constraint: Default path analysis
  Total number of paths / destination ports: 1 / 1
-------------------------------------------------------------------------
Delay:               7.263ns (Levels of Logic = 4)
  Source:            CLK (PAD)
  Destination:       SPI_SKC (PAD)

  Data Path: CLK to SPI_SKC
                                Gate     Net
    Cell:in->out      fanout   Delay   Delay  Logical Name (Net Name)
    ----------------------------------------  ------------
     BUFGP:I->O          761   1.457   1.410  CLK_BUFGP (CLK_BUFGP)
     begin scope: 'XLXI_3'
     INV:I->O              1   0.704   0.420  SPI_SCK1_INV_0 (SPI_SCK)
     end scope: 'XLXI_3'
     OBUF:I->O                 3.272          SPI_SKC_OBUF (SPI_SKC)
    ----------------------------------------
    Total                      7.263ns (5.433ns logic, 1.830ns route)
                                       (74.8% logic, 25.2% route)

=========================================================================


Total REAL time to Xst completion: 8.00 secs
Total CPU time to Xst completion: 7.78 secs
 
--> 

Total memory usage is 4565668 kilobytes

Number of errors   :    0 (   0 filtered)
Number of warnings :   15 (   0 filtered)
Number of infos    :    6 (   0 filtered)

