AR song_choser behavioral /home/franekskc/Pulpit/UCiSW2/SPARTAN3E_music_game/song_choser.vhd sub00/vhpl11 1716282580
EN song_choser NULL /home/franekskc/Pulpit/UCiSW2/SPARTAN3E_music_game/song_choser.vhd sub00/vhpl10 1716282579
EN keyboard_driver NULL /home/franekskc/Pulpit/UCiSW2/SPARTAN3E_music_game/Keyboard_driver.vhd sub00/vhpl04 1716282575
AR main_schema behavioral /home/franekskc/Pulpit/UCiSW2/SPARTAN3E_music_game/main_schema.vhf sub00/vhpl09 1716282582
AR kbd_2_ascii behavioral /home/franekskc/Pulpit/UCiSW2/SPARTAN3E_music_game/kbd_2_ascii.vhd sub00/vhpl03 1716282574
EN main_schema NULL /home/franekskc/Pulpit/UCiSW2/SPARTAN3E_music_game/main_schema.vhf sub00/vhpl08 1716282581
AR song_writer behavioral /home/franekskc/Pulpit/UCiSW2/SPARTAN3E_music_game/song_writer.vhd sub00/vhpl07 1716282578
EN song_writer NULL /home/franekskc/Pulpit/UCiSW2/SPARTAN3E_music_game/song_writer.vhd sub00/vhpl06 1716282577
EN kbd_2_ascii NULL /home/franekskc/Pulpit/UCiSW2/SPARTAN3E_music_game/kbd_2_ascii.vhd sub00/vhpl02 1716282573
AR keyboard_driver behavioral /home/franekskc/Pulpit/UCiSW2/SPARTAN3E_music_game/Keyboard_driver.vhd sub00/vhpl05 1716282576
EN fsm_sendsamples NULL /home/franekskc/Pulpit/UCiSW2/SPARTAN3E_music_game/FSM_SendSamples.vhd sub00/vhpl00 1716282571
AR fsm_sendsamples behavioral /home/franekskc/Pulpit/UCiSW2/SPARTAN3E_music_game/FSM_SendSamples.vhd sub00/vhpl01 1716282572
