EN keyboard_driver NULL C:/Users/lab/Desktop/SPARTAN3E_music_game-main/Keyboard_driver.vhd sub00/vhpl04 1715097447
AR main_schema behavioral C:/Users/lab/Desktop/SPARTAN3E_music_game-main/main_schema.vhf sub00/vhpl09 1715097452
AR kbd_2_ascii behavioral C:/Users/lab/Desktop/SPARTAN3E_music_game-main/kbd_2_ascii.vhd sub00/vhpl03 1715097446
EN main_schema NULL C:/Users/lab/Desktop/SPARTAN3E_music_game-main/main_schema.vhf sub00/vhpl08 1715097451
AR song_writer behavioral C:/Users/lab/Desktop/SPARTAN3E_music_game-main/song_writer.vhd sub00/vhpl07 1715097450
EN song_writer NULL C:/Users/lab/Desktop/SPARTAN3E_music_game-main/song_writer.vhd sub00/vhpl06 1715097449
EN kbd_2_ascii NULL C:/Users/lab/Desktop/SPARTAN3E_music_game-main/kbd_2_ascii.vhd sub00/vhpl02 1715097445
AR keyboard_driver behavioral C:/Users/lab/Desktop/SPARTAN3E_music_game-main/Keyboard_driver.vhd sub00/vhpl05 1715097448
EN fsm_sendsamples NULL C:/Users/lab/Desktop/SPARTAN3E_music_game-main/FSM_SendSamples.vhd sub00/vhpl00 1715097443
AR fsm_sendsamples behavioral C:/Users/lab/Desktop/SPARTAN3E_music_game-main/FSM_SendSamples.vhd sub00/vhpl01 1715097444
