AR main_schema behavioral C:/Users/lab/Desktop/Music_game/SPARTAN3E_music_game-main/SPARTAN3E_music_game-main/main_schema.vhf sub00/vhpl07 1713881130
EN keyboard_driver NULL C:/Users/lab/Desktop/Music_game/SPARTAN3E_music_game-main/SPARTAN3E_music_game-main/Keyboard_driver.vhd sub00/vhpl00 1713881127
AR fsm_sendsamples behavioral C:/Users/lab/Desktop/Music_game/SPARTAN3E_music_game-main/SPARTAN3E_music_game-main/FSM_SendSamples.vhd sub00/vhpl03 1713881124
EN fsm_sendsamples NULL C:/Users/lab/Desktop/Music_game/SPARTAN3E_music_game-main/SPARTAN3E_music_game-main/FSM_SendSamples.vhd sub00/vhpl02 1713881123
EN main_schema NULL C:/Users/lab/Desktop/Music_game/SPARTAN3E_music_game-main/SPARTAN3E_music_game-main/main_schema.vhf sub00/vhpl06 1713881129
AR keyboard_driver behavioral C:/Users/lab/Desktop/Music_game/SPARTAN3E_music_game-main/SPARTAN3E_music_game-main/Keyboard_driver.vhd sub00/vhpl01 1713881128
EN kbd_2_ascii NULL C:/Users/lab/Desktop/Music_game/SPARTAN3E_music_game-main/SPARTAN3E_music_game-main/kbd_2_ascii.vhd sub00/vhpl04 1713881125
AR kbd_2_ascii behavioral C:/Users/lab/Desktop/Music_game/SPARTAN3E_music_game-main/SPARTAN3E_music_game-main/kbd_2_ascii.vhd sub00/vhpl05 1713881126
